Namespace(data_path='./data\\beedance\\beedance-1.mat', trn_ratio=0.6, val_ratio=0.8, gpu=0, no_cuda=False, random_seed=1126, wnd_dim=25, sub_dim=1, RNN_hid_dim=10, batch_size=64, max_iter=2000, optim='adam', lr=0.0003, weight_decay=0.0, momentum=0.0, grad_clip=10.0, eval_freq=25, CRITIC_ITERS=5, weight_clip=0.1, lambda_ae=0.001, lambda_real=1.0, save_path='experiment_log\\beedance-1.wnd-25.lambda_ae-0.001000.lambda_real-1.000000.clip-0.100000')
Using CPU
n_trn  610 n_val  211 n_tst  211
NetG(
  (rnn_enc_layer): GRU(3, 10, batch_first=True)
  (rnn_dec_layer): GRU(3, 10, batch_first=True)
  (fc_layer): Linear(in_features=10, out_features=3, bias=True)
)
NetD(
  (rnn_enc_layer): GRU(3, 10, batch_first=True)
  (rnn_dec_layer): GRU(10, 3, batch_first=True)
)
netG has number of parameters: 933
netD has number of parameters: 585
sigma_list: tensor([0.0397, 0.0795, 0.1589, 0.3179, 0.6357])
n_batchs 10 batch_size 64
start training: lambda_ae 0.001 lambda_real 1.0 weight_clip 0.1
[    1/ 2000] [    6/   10] [     1] D_mmd2 4.5762e+00 G_mmd2 4.5574e+00 mmd2_real 1.0670e+00 real_L2 0.143821 fake_L2 0.130583
[    2/ 2000] [    6/   10] [     2] D_mmd2 4.5397e+00 G_mmd2 4.5728e+00 mmd2_real 1.0028e+00 real_L2 0.140120 fake_L2 0.119672
[    3/ 2000] [    6/   10] [     3] D_mmd2 4.6251e+00 G_mmd2 4.6631e+00 mmd2_real 1.1110e+00 real_L2 0.150327 fake_L2 0.113447
[    4/ 2000] [    6/   10] [     4] D_mmd2 4.8115e+00 G_mmd2 4.8087e+00 mmd2_real 1.0839e+00 real_L2 0.144610 fake_L2 0.108594
[    5/ 2000] [    6/   10] [     5] D_mmd2 4.8345e+00 G_mmd2 4.8720e+00 mmd2_real 1.1628e+00 real_L2 0.137089 fake_L2 0.104509
[    6/ 2000] [    6/   10] [     6] D_mmd2 4.9209e+00 G_mmd2 4.9662e+00 mmd2_real 1.0568e+00 real_L2 0.164984 fake_L2 0.102548
[    7/ 2000] [    6/   10] [     7] D_mmd2 4.9535e+00 G_mmd2 5.0401e+00 mmd2_real 1.1352e+00 real_L2 0.149435 fake_L2 0.093412
[    8/ 2000] [    6/   10] [     8] D_mmd2 5.0338e+00 G_mmd2 5.1711e+00 mmd2_real 1.0841e+00 real_L2 0.154662 fake_L2 0.088200
[    9/ 2000] [    6/   10] [     9] D_mmd2 5.1223e+00 G_mmd2 5.2661e+00 mmd2_real 1.2218e+00 real_L2 0.149500 fake_L2 0.088491
[   10/ 2000] [    6/   10] [    10] D_mmd2 5.1945e+00 G_mmd2 5.2865e+00 mmd2_real 1.1038e+00 real_L2 0.160036 fake_L2 0.085336
[   11/ 2000] [    6/   10] [    11] D_mmd2 5.4464e+00 G_mmd2 5.2560e+00 mmd2_real 8.8486e-01 real_L2 0.157624 fake_L2 0.084623
[   12/ 2000] [    6/   10] [    12] D_mmd2 5.3724e+00 G_mmd2 5.4824e+00 mmd2_real 9.2142e-01 real_L2 0.160233 fake_L2 0.078788
[   13/ 2000] [    6/   10] [    13] D_mmd2 5.4273e+00 G_mmd2 5.4680e+00 mmd2_real 8.9084e-01 real_L2 0.152996 fake_L2 0.074666
[   14/ 2000] [    6/   10] [    14] D_mmd2 5.5620e+00 G_mmd2 5.5978e+00 mmd2_real 8.2933e-01 real_L2 0.153146 fake_L2 0.074050
[   15/ 2000] [    6/   10] [    15] D_mmd2 5.5802e+00 G_mmd2 5.6007e+00 mmd2_real 8.2237e-01 real_L2 0.155962 fake_L2 0.071052
[   16/ 2000] [    6/   10] [    16] D_mmd2 5.7396e+00 G_mmd2 5.6315e+00 mmd2_real 8.3234e-01 real_L2 0.152796 fake_L2 0.069657
[   17/ 2000] [    6/   10] [    17] D_mmd2 5.7356e+00 G_mmd2 5.6524e+00 mmd2_real 8.0715e-01 real_L2 0.161672 fake_L2 0.068572
[   18/ 2000] [    6/   10] [    18] D_mmd2 5.7448e+00 G_mmd2 5.7968e+00 mmd2_real 7.0849e-01 real_L2 0.152377 fake_L2 0.067120
[   19/ 2000] [    6/   10] [    19] D_mmd2 5.8223e+00 G_mmd2 5.7362e+00 mmd2_real 7.6855e-01 real_L2 0.158650 fake_L2 0.063553
[   20/ 2000] [    6/   10] [    20] D_mmd2 5.8633e+00 G_mmd2 5.9058e+00 mmd2_real 7.9417e-01 real_L2 0.158355 fake_L2 0.060701
[   21/ 2000] [    6/   10] [    21] D_mmd2 5.8955e+00 G_mmd2 5.9178e+00 mmd2_real 8.3822e-01 real_L2 0.147161 fake_L2 0.057322
[   22/ 2000] [    6/   10] [    22] D_mmd2 5.9075e+00 G_mmd2 5.9334e+00 mmd2_real 7.3678e-01 real_L2 0.159174 fake_L2 0.054849
[   23/ 2000] [    6/   10] [    23] D_mmd2 5.9365e+00 G_mmd2 5.9465e+00 mmd2_real 6.5238e-01 real_L2 0.146417 fake_L2 0.053228
[   24/ 2000] [    6/   10] [    24] D_mmd2 5.9817e+00 G_mmd2 5.9881e+00 mmd2_real 6.8424e-01 real_L2 0.146793 fake_L2 0.053692
[   25/ 2000] [    6/   10] [    25] D_mmd2 5.9727e+00 G_mmd2 6.0199e+00 mmd2_real 6.3080e-01 real_L2 0.153661 fake_L2 0.052048
iter   25 tm 2.06m val_mse -1.0 val_mae -1.0 val_auc 0.303140 tst_mse -1.0 tst_mae -1.0 tst_auc 0.334541 [best_val_auc 0.303140 best_tst_auc 0.334541 best_epoch  25]
[   26/ 2000] [    6/   10] [    26] D_mmd2 6.0285e+00 G_mmd2 6.0948e+00 mmd2_real 5.8601e-01 real_L2 0.146359 fake_L2 0.049918
[   27/ 2000] [    6/   10] [    27] D_mmd2 6.0423e+00 G_mmd2 6.0536e+00 mmd2_real 7.1930e-01 real_L2 0.138033 fake_L2 0.047652
[   28/ 2000] [    6/   10] [    28] D_mmd2 6.0583e+00 G_mmd2 6.1107e+00 mmd2_real 5.5687e-01 real_L2 0.137509 fake_L2 0.046013
[   29/ 2000] [    6/   10] [    29] D_mmd2 6.1371e+00 G_mmd2 6.0912e+00 mmd2_real 4.1481e-01 real_L2 0.145401 fake_L2 0.044238
[   30/ 2000] [    6/   10] [    30] D_mmd2 6.0836e+00 G_mmd2 6.2302e+00 mmd2_real 5.1585e-01 real_L2 0.145657 fake_L2 0.043818
[   31/ 2000] [    6/   10] [    31] D_mmd2 6.1943e+00 G_mmd2 6.1518e+00 mmd2_real 4.7187e-01 real_L2 0.129418 fake_L2 0.043488
[   32/ 2000] [    6/   10] [    32] D_mmd2 6.2121e+00 G_mmd2 6.1756e+00 mmd2_real 3.8144e-01 real_L2 0.143721 fake_L2 0.040229
[   33/ 2000] [    6/   10] [    33] D_mmd2 6.1163e+00 G_mmd2 6.1709e+00 mmd2_real 3.8098e-01 real_L2 0.134767 fake_L2 0.038883
[   34/ 2000] [    6/   10] [    34] D_mmd2 6.2277e+00 G_mmd2 6.2214e+00 mmd2_real 3.8469e-01 real_L2 0.133419 fake_L2 0.037655
[   35/ 2000] [    6/   10] [    35] D_mmd2 6.2180e+00 G_mmd2 6.0969e+00 mmd2_real 3.5560e-01 real_L2 0.130682 fake_L2 0.035081
[   36/ 2000] [    6/   10] [    36] D_mmd2 6.1766e+00 G_mmd2 6.2525e+00 mmd2_real 2.9092e-01 real_L2 0.127376 fake_L2 0.033107
[   37/ 2000] [    6/   10] [    37] D_mmd2 6.2810e+00 G_mmd2 6.2771e+00 mmd2_real 2.6572e-01 real_L2 0.136310 fake_L2 0.033705
[   38/ 2000] [    6/   10] [    38] D_mmd2 6.2816e+00 G_mmd2 6.2432e+00 mmd2_real 2.4902e-01 real_L2 0.124556 fake_L2 0.029373
[   39/ 2000] [    6/   10] [    39] D_mmd2 6.2976e+00 G_mmd2 6.2018e+00 mmd2_real 2.2366e-01 real_L2 0.128056 fake_L2 0.028802
[   40/ 2000] [    6/   10] [    40] D_mmd2 6.2643e+00 G_mmd2 6.2637e+00 mmd2_real 2.2673e-01 real_L2 0.130049 fake_L2 0.028458
[   41/ 2000] [    6/   10] [    41] D_mmd2 6.2274e+00 G_mmd2 6.2831e+00 mmd2_real 2.3452e-01 real_L2 0.117635 fake_L2 0.026616
[   42/ 2000] [    6/   10] [    42] D_mmd2 6.2808e+00 G_mmd2 6.2350e+00 mmd2_real 2.0818e-01 real_L2 0.120501 fake_L2 0.025013
[   43/ 2000] [    6/   10] [    43] D_mmd2 6.3429e+00 G_mmd2 6.2854e+00 mmd2_real 2.5711e-01 real_L2 0.108030 fake_L2 0.023451
[   44/ 2000] [    6/   10] [    44] D_mmd2 6.3325e+00 G_mmd2 6.2807e+00 mmd2_real 1.9006e-01 real_L2 0.113537 fake_L2 0.023415
[   45/ 2000] [    6/   10] [    45] D_mmd2 6.3289e+00 G_mmd2 6.3261e+00 mmd2_real 1.9419e-01 real_L2 0.108347 fake_L2 0.022206
[   46/ 2000] [    6/   10] [    46] D_mmd2 6.2946e+00 G_mmd2 6.3213e+00 mmd2_real 2.3595e-01 real_L2 0.106395 fake_L2 0.024555
[   47/ 2000] [    6/   10] [    47] D_mmd2 6.2589e+00 G_mmd2 6.3778e+00 mmd2_real 1.8121e-01 real_L2 0.109947 fake_L2 0.020371
[   48/ 2000] [    6/   10] [    48] D_mmd2 6.4032e+00 G_mmd2 6.2375e+00 mmd2_real 1.7766e-01 real_L2 0.108765 fake_L2 0.019557
[   49/ 2000] [    6/   10] [    49] D_mmd2 6.2937e+00 G_mmd2 6.2634e+00 mmd2_real 2.0961e-01 real_L2 0.105289 fake_L2 0.018922
[   50/ 2000] [    6/   10] [    50] D_mmd2 6.3929e+00 G_mmd2 6.2882e+00 mmd2_real 1.9668e-01 real_L2 0.101043 fake_L2 0.019338
iter   50 tm 4.22m val_mse -1.0 val_mae -1.0 val_auc 0.821256 tst_mse -1.0 tst_mae -1.0 tst_auc 0.591787 [best_val_auc 0.821256 best_tst_auc 0.591787 best_epoch  50]
[   51/ 2000] [    6/   10] [    51] D_mmd2 6.3818e+00 G_mmd2 6.2496e+00 mmd2_real 1.8557e-01 real_L2 0.099322 fake_L2 0.016919
[   52/ 2000] [    6/   10] [    52] D_mmd2 6.2756e+00 G_mmd2 6.3775e+00 mmd2_real 2.0899e-01 real_L2 0.093454 fake_L2 0.018934
[   53/ 2000] [    6/   10] [    53] D_mmd2 6.4337e+00 G_mmd2 6.3744e+00 mmd2_real 2.2541e-01 real_L2 0.095190 fake_L2 0.017159
[   54/ 2000] [    6/   10] [    54] D_mmd2 6.2878e+00 G_mmd2 6.4070e+00 mmd2_real 2.3884e-01 real_L2 0.098329 fake_L2 0.018751
[   55/ 2000] [    6/   10] [    55] D_mmd2 6.2711e+00 G_mmd2 6.3516e+00 mmd2_real 2.0375e-01 real_L2 0.088858 fake_L2 0.016177
[   56/ 2000] [    6/   10] [    56] D_mmd2 6.3383e+00 G_mmd2 6.4096e+00 mmd2_real 2.0541e-01 real_L2 0.083125 fake_L2 0.016771
[   57/ 2000] [    6/   10] [    57] D_mmd2 6.2389e+00 G_mmd2 6.2828e+00 mmd2_real 2.0073e-01 real_L2 0.088736 fake_L2 0.014492
[   58/ 2000] [    6/   10] [    58] D_mmd2 6.2050e+00 G_mmd2 6.2734e+00 mmd2_real 2.7166e-01 real_L2 0.085990 fake_L2 0.014748
[   59/ 2000] [    6/   10] [    59] D_mmd2 6.2954e+00 G_mmd2 6.4020e+00 mmd2_real 2.2118e-01 real_L2 0.083272 fake_L2 0.015589
[   60/ 2000] [    6/   10] [    60] D_mmd2 6.3697e+00 G_mmd2 6.2648e+00 mmd2_real 1.7406e-01 real_L2 0.082367 fake_L2 0.015525
[   61/ 2000] [    6/   10] [    61] D_mmd2 6.3296e+00 G_mmd2 6.2825e+00 mmd2_real 2.1613e-01 real_L2 0.080146 fake_L2 0.014504
[   62/ 2000] [    6/   10] [    62] D_mmd2 6.3180e+00 G_mmd2 6.2872e+00 mmd2_real 1.6737e-01 real_L2 0.079960 fake_L2 0.013441
[   63/ 2000] [    6/   10] [    63] D_mmd2 6.2305e+00 G_mmd2 6.3513e+00 mmd2_real 2.1068e-01 real_L2 0.079820 fake_L2 0.016150
[   64/ 2000] [    6/   10] [    64] D_mmd2 6.3895e+00 G_mmd2 6.3270e+00 mmd2_real 2.7656e-01 real_L2 0.084052 fake_L2 0.014580
[   65/ 2000] [    6/   10] [    65] D_mmd2 6.3466e+00 G_mmd2 6.2695e+00 mmd2_real 2.0188e-01 real_L2 0.084341 fake_L2 0.014607
[   66/ 2000] [    6/   10] [    66] D_mmd2 6.2435e+00 G_mmd2 6.2298e+00 mmd2_real 2.1862e-01 real_L2 0.077284 fake_L2 0.014988
[   67/ 2000] [    6/   10] [    67] D_mmd2 6.2012e+00 G_mmd2 6.2295e+00 mmd2_real 2.0380e-01 real_L2 0.070907 fake_L2 0.014299
[   68/ 2000] [    6/   10] [    68] D_mmd2 6.2509e+00 G_mmd2 6.3296e+00 mmd2_real 2.4116e-01 real_L2 0.073251 fake_L2 0.012913
[   69/ 2000] [    6/   10] [    69] D_mmd2 6.2852e+00 G_mmd2 6.1799e+00 mmd2_real 1.8853e-01 real_L2 0.075371 fake_L2 0.013206
[   70/ 2000] [    6/   10] [    70] D_mmd2 6.3480e+00 G_mmd2 6.1967e+00 mmd2_real 2.5137e-01 real_L2 0.070984 fake_L2 0.013769
[   71/ 2000] [    6/   10] [    71] D_mmd2 6.3398e+00 G_mmd2 6.2768e+00 mmd2_real 2.1122e-01 real_L2 0.074584 fake_L2 0.015729
[   72/ 2000] [    6/   10] [    72] D_mmd2 6.2223e+00 G_mmd2 6.2991e+00 mmd2_real 1.6985e-01 real_L2 0.069746 fake_L2 0.013409
[   73/ 2000] [    6/   10] [    73] D_mmd2 6.2106e+00 G_mmd2 6.2542e+00 mmd2_real 1.8852e-01 real_L2 0.068786 fake_L2 0.014273
[   74/ 2000] [    6/   10] [    74] D_mmd2 6.3320e+00 G_mmd2 6.2962e+00 mmd2_real 1.7018e-01 real_L2 0.069983 fake_L2 0.013658
[   75/ 2000] [    6/   10] [    75] D_mmd2 6.2404e+00 G_mmd2 6.1856e+00 mmd2_real 1.9766e-01 real_L2 0.063510 fake_L2 0.013974
iter   75 tm 6.54m val_mse -1.0 val_mae -1.0 val_auc 0.849034 tst_mse -1.0 tst_mae -1.0 tst_auc 0.621981 [best_val_auc 0.821256 best_tst_auc 0.591787 best_epoch  50]
[   76/ 2000] [    6/   10] [    76] D_mmd2 6.2706e+00 G_mmd2 6.1962e+00 mmd2_real 2.4364e-01 real_L2 0.063269 fake_L2 0.012256
[   77/ 2000] [    6/   10] [    77] D_mmd2 6.2946e+00 G_mmd2 6.3137e+00 mmd2_real 1.9490e-01 real_L2 0.060292 fake_L2 0.012488
[   78/ 2000] [    6/   10] [    78] D_mmd2 6.3457e+00 G_mmd2 6.2323e+00 mmd2_real 2.2395e-01 real_L2 0.064376 fake_L2 0.016569
[   79/ 2000] [    6/   10] [    79] D_mmd2 6.1136e+00 G_mmd2 6.0936e+00 mmd2_real 1.6186e-01 real_L2 0.062132 fake_L2 0.013430
[   80/ 2000] [    6/   10] [    80] D_mmd2 6.2774e+00 G_mmd2 6.1445e+00 mmd2_real 2.2758e-01 real_L2 0.063040 fake_L2 0.014479
[   81/ 2000] [    6/   10] [    81] D_mmd2 6.1519e+00 G_mmd2 6.1594e+00 mmd2_real 1.9924e-01 real_L2 0.061185 fake_L2 0.012174
[   82/ 2000] [    6/   10] [    82] D_mmd2 6.1908e+00 G_mmd2 6.2326e+00 mmd2_real 1.8484e-01 real_L2 0.063982 fake_L2 0.013227
[   83/ 2000] [    6/   10] [    83] D_mmd2 6.1691e+00 G_mmd2 6.1149e+00 mmd2_real 1.9761e-01 real_L2 0.058214 fake_L2 0.015574
[   84/ 2000] [    6/   10] [    84] D_mmd2 6.1092e+00 G_mmd2 6.1608e+00 mmd2_real 1.7850e-01 real_L2 0.060501 fake_L2 0.015459
[   85/ 2000] [    6/   10] [    85] D_mmd2 6.2787e+00 G_mmd2 6.1173e+00 mmd2_real 2.1196e-01 real_L2 0.059652 fake_L2 0.014276
[   86/ 2000] [    6/   10] [    86] D_mmd2 6.1415e+00 G_mmd2 6.2309e+00 mmd2_real 2.0415e-01 real_L2 0.059296 fake_L2 0.012475
[   87/ 2000] [    6/   10] [    87] D_mmd2 6.2130e+00 G_mmd2 6.0381e+00 mmd2_real 1.8109e-01 real_L2 0.060450 fake_L2 0.014033
[   88/ 2000] [    6/   10] [    88] D_mmd2 6.1345e+00 G_mmd2 6.2391e+00 mmd2_real 2.0345e-01 real_L2 0.052885 fake_L2 0.014437
[   89/ 2000] [    6/   10] [    89] D_mmd2 5.9519e+00 G_mmd2 6.1480e+00 mmd2_real 2.0843e-01 real_L2 0.059057 fake_L2 0.014454
[   90/ 2000] [    6/   10] [    90] D_mmd2 5.9554e+00 G_mmd2 6.1508e+00 mmd2_real 2.1192e-01 real_L2 0.053787 fake_L2 0.013881
[   91/ 2000] [    6/   10] [    91] D_mmd2 5.9866e+00 G_mmd2 6.1641e+00 mmd2_real 1.7510e-01 real_L2 0.057770 fake_L2 0.016175
[   92/ 2000] [    6/   10] [    92] D_mmd2 6.0547e+00 G_mmd2 6.0190e+00 mmd2_real 1.7491e-01 real_L2 0.052574 fake_L2 0.013858
[   93/ 2000] [    6/   10] [    93] D_mmd2 6.0371e+00 G_mmd2 6.1340e+00 mmd2_real 1.6299e-01 real_L2 0.052325 fake_L2 0.012685
[   94/ 2000] [    6/   10] [    94] D_mmd2 5.9431e+00 G_mmd2 6.1811e+00 mmd2_real 1.7034e-01 real_L2 0.056286 fake_L2 0.014046
[   95/ 2000] [    6/   10] [    95] D_mmd2 6.0391e+00 G_mmd2 5.9664e+00 mmd2_real 2.0437e-01 real_L2 0.056222 fake_L2 0.014017
[   96/ 2000] [    6/   10] [    96] D_mmd2 5.9357e+00 G_mmd2 5.9844e+00 mmd2_real 2.3323e-01 real_L2 0.055070 fake_L2 0.012399
[   97/ 2000] [    6/   10] [    97] D_mmd2 5.9898e+00 G_mmd2 6.1052e+00 mmd2_real 1.8851e-01 real_L2 0.055278 fake_L2 0.013608
[   98/ 2000] [    6/   10] [    98] D_mmd2 5.9753e+00 G_mmd2 5.9869e+00 mmd2_real 1.7557e-01 real_L2 0.051404 fake_L2 0.016003
[   99/ 2000] [    6/   10] [    99] D_mmd2 5.9734e+00 G_mmd2 6.0410e+00 mmd2_real 1.9615e-01 real_L2 0.052438 fake_L2 0.013317
[  100/ 2000] [    6/   10] [   100] D_mmd2 5.9117e+00 G_mmd2 5.9057e+00 mmd2_real 1.9908e-01 real_L2 0.054715 fake_L2 0.013465
iter  100 tm 8.75m val_mse -1.0 val_mae -1.0 val_auc 0.884058 tst_mse -1.0 tst_mae -1.0 tst_auc 0.606280 [best_val_auc 0.821256 best_tst_auc 0.591787 best_epoch  50]
[  101/ 2000] [    6/   10] [   101] D_mmd2 6.1613e+00 G_mmd2 5.9505e+00 mmd2_real 1.9087e-01 real_L2 0.046294 fake_L2 0.014074
[  102/ 2000] [    6/   10] [   102] D_mmd2 6.0582e+00 G_mmd2 6.1219e+00 mmd2_real 1.8806e-01 real_L2 0.046971 fake_L2 0.014756
[  103/ 2000] [    6/   10] [   103] D_mmd2 5.9488e+00 G_mmd2 5.9741e+00 mmd2_real 2.0691e-01 real_L2 0.053381 fake_L2 0.011928
[  104/ 2000] [    6/   10] [   104] D_mmd2 6.0999e+00 G_mmd2 5.9783e+00 mmd2_real 1.5986e-01 real_L2 0.045174 fake_L2 0.014214
[  105/ 2000] [    6/   10] [   105] D_mmd2 5.7766e+00 G_mmd2 6.1465e+00 mmd2_real 1.9591e-01 real_L2 0.049913 fake_L2 0.017705
[  106/ 2000] [    6/   10] [   106] D_mmd2 5.9024e+00 G_mmd2 5.9551e+00 mmd2_real 1.8183e-01 real_L2 0.050332 fake_L2 0.013442
[  107/ 2000] [    6/   10] [   107] D_mmd2 5.8607e+00 G_mmd2 5.7994e+00 mmd2_real 1.4677e-01 real_L2 0.049046 fake_L2 0.013447
[  108/ 2000] [    6/   10] [   108] D_mmd2 5.8084e+00 G_mmd2 5.8296e+00 mmd2_real 2.2074e-01 real_L2 0.044958 fake_L2 0.014365
[  109/ 2000] [    6/   10] [   109] D_mmd2 5.8802e+00 G_mmd2 5.8346e+00 mmd2_real 2.1777e-01 real_L2 0.045592 fake_L2 0.013359
[  110/ 2000] [    6/   10] [   110] D_mmd2 5.7181e+00 G_mmd2 5.8356e+00 mmd2_real 1.4128e-01 real_L2 0.048028 fake_L2 0.013819
[  111/ 2000] [    6/   10] [   111] D_mmd2 5.9174e+00 G_mmd2 5.8727e+00 mmd2_real 2.1969e-01 real_L2 0.046342 fake_L2 0.013586
[  112/ 2000] [    6/   10] [   112] D_mmd2 5.9097e+00 G_mmd2 5.8526e+00 mmd2_real 1.8978e-01 real_L2 0.046850 fake_L2 0.014837
[  113/ 2000] [    6/   10] [   113] D_mmd2 5.8214e+00 G_mmd2 5.8004e+00 mmd2_real 1.8285e-01 real_L2 0.046253 fake_L2 0.015871
[  114/ 2000] [    6/   10] [   114] D_mmd2 5.8738e+00 G_mmd2 5.6413e+00 mmd2_real 1.7098e-01 real_L2 0.045515 fake_L2 0.014356
[  115/ 2000] [    6/   10] [   115] D_mmd2 5.7739e+00 G_mmd2 5.7776e+00 mmd2_real 1.7315e-01 real_L2 0.047143 fake_L2 0.012791
[  116/ 2000] [    6/   10] [   116] D_mmd2 5.7834e+00 G_mmd2 5.8503e+00 mmd2_real 1.7976e-01 real_L2 0.048788 fake_L2 0.013087
[  117/ 2000] [    6/   10] [   117] D_mmd2 5.8059e+00 G_mmd2 5.7630e+00 mmd2_real 2.0740e-01 real_L2 0.045693 fake_L2 0.012044
[  118/ 2000] [    6/   10] [   118] D_mmd2 5.8094e+00 G_mmd2 5.7037e+00 mmd2_real 1.8200e-01 real_L2 0.047774 fake_L2 0.014421
[  119/ 2000] [    6/   10] [   119] D_mmd2 5.7787e+00 G_mmd2 5.6228e+00 mmd2_real 2.1025e-01 real_L2 0.043982 fake_L2 0.011563
[  120/ 2000] [    6/   10] [   120] D_mmd2 5.6319e+00 G_mmd2 5.6577e+00 mmd2_real 1.4423e-01 real_L2 0.046415 fake_L2 0.012722
[  121/ 2000] [    6/   10] [   121] D_mmd2 5.8981e+00 G_mmd2 5.7236e+00 mmd2_real 1.8846e-01 real_L2 0.039300 fake_L2 0.011848
[  122/ 2000] [    6/   10] [   122] D_mmd2 5.7092e+00 G_mmd2 5.6455e+00 mmd2_real 1.6625e-01 real_L2 0.044857 fake_L2 0.014639
[  123/ 2000] [    6/   10] [   123] D_mmd2 5.7199e+00 G_mmd2 5.6626e+00 mmd2_real 1.6169e-01 real_L2 0.045998 fake_L2 0.012216
[  124/ 2000] [    6/   10] [   124] D_mmd2 5.7810e+00 G_mmd2 5.6748e+00 mmd2_real 1.5668e-01 real_L2 0.037786 fake_L2 0.011314
[  125/ 2000] [    6/   10] [   125] D_mmd2 5.6548e+00 G_mmd2 5.7118e+00 mmd2_real 1.5943e-01 real_L2 0.040328 fake_L2 0.012319
iter  125 tm 10.94m val_mse -1.0 val_mae -1.0 val_auc 0.887681 tst_mse -1.0 tst_mae -1.0 tst_auc 0.614734 [best_val_auc 0.887681 best_tst_auc 0.614734 best_epoch 125]
[  126/ 2000] [    6/   10] [   126] D_mmd2 5.5947e+00 G_mmd2 5.6872e+00 mmd2_real 1.6786e-01 real_L2 0.042059 fake_L2 0.013029
[  127/ 2000] [    6/   10] [   127] D_mmd2 5.6715e+00 G_mmd2 5.8198e+00 mmd2_real 1.8399e-01 real_L2 0.042691 fake_L2 0.011356
[  128/ 2000] [    6/   10] [   128] D_mmd2 5.7008e+00 G_mmd2 5.5287e+00 mmd2_real 1.7472e-01 real_L2 0.049959 fake_L2 0.012957
[  129/ 2000] [    6/   10] [   129] D_mmd2 5.6947e+00 G_mmd2 5.7113e+00 mmd2_real 1.5836e-01 real_L2 0.040772 fake_L2 0.013394
[  130/ 2000] [    6/   10] [   130] D_mmd2 5.6220e+00 G_mmd2 5.7170e+00 mmd2_real 1.7296e-01 real_L2 0.039830 fake_L2 0.015080
[  131/ 2000] [    6/   10] [   131] D_mmd2 5.5767e+00 G_mmd2 5.4405e+00 mmd2_real 1.4380e-01 real_L2 0.039739 fake_L2 0.012263
[  132/ 2000] [    6/   10] [   132] D_mmd2 5.5215e+00 G_mmd2 5.5990e+00 mmd2_real 1.4278e-01 real_L2 0.045947 fake_L2 0.012253
[  133/ 2000] [    6/   10] [   133] D_mmd2 5.6353e+00 G_mmd2 5.6839e+00 mmd2_real 1.4469e-01 real_L2 0.041676 fake_L2 0.013091
[  134/ 2000] [    6/   10] [   134] D_mmd2 5.5203e+00 G_mmd2 5.6004e+00 mmd2_real 1.4007e-01 real_L2 0.041903 fake_L2 0.012240
[  135/ 2000] [    6/   10] [   135] D_mmd2 5.4392e+00 G_mmd2 5.2925e+00 mmd2_real 1.6072e-01 real_L2 0.038647 fake_L2 0.012755
[  136/ 2000] [    6/   10] [   136] D_mmd2 5.5515e+00 G_mmd2 5.5223e+00 mmd2_real 2.2146e-01 real_L2 0.039191 fake_L2 0.011134
[  137/ 2000] [    6/   10] [   137] D_mmd2 5.4434e+00 G_mmd2 5.4970e+00 mmd2_real 2.0994e-01 real_L2 0.042050 fake_L2 0.012503
[  138/ 2000] [    6/   10] [   138] D_mmd2 5.5029e+00 G_mmd2 5.4819e+00 mmd2_real 1.8025e-01 real_L2 0.037948 fake_L2 0.012338
[  139/ 2000] [    6/   10] [   139] D_mmd2 5.4721e+00 G_mmd2 5.5555e+00 mmd2_real 1.5937e-01 real_L2 0.038496 fake_L2 0.011829
[  140/ 2000] [    6/   10] [   140] D_mmd2 5.3596e+00 G_mmd2 5.5135e+00 mmd2_real 1.7083e-01 real_L2 0.044263 fake_L2 0.013008
[  141/ 2000] [    6/   10] [   141] D_mmd2 5.2760e+00 G_mmd2 5.2887e+00 mmd2_real 1.5275e-01 real_L2 0.044124 fake_L2 0.013863
[  142/ 2000] [    6/   10] [   142] D_mmd2 5.3603e+00 G_mmd2 5.5582e+00 mmd2_real 1.8442e-01 real_L2 0.040882 fake_L2 0.014099
[  143/ 2000] [    6/   10] [   143] D_mmd2 5.1222e+00 G_mmd2 5.1859e+00 mmd2_real 1.5588e-01 real_L2 0.042425 fake_L2 0.014145
[  144/ 2000] [    6/   10] [   144] D_mmd2 5.5239e+00 G_mmd2 5.3831e+00 mmd2_real 1.6677e-01 real_L2 0.042682 fake_L2 0.011734
[  145/ 2000] [    6/   10] [   145] D_mmd2 5.2933e+00 G_mmd2 5.2081e+00 mmd2_real 1.7891e-01 real_L2 0.046197 fake_L2 0.012746
[  146/ 2000] [    6/   10] [   146] D_mmd2 5.3546e+00 G_mmd2 5.3486e+00 mmd2_real 1.8639e-01 real_L2 0.041158 fake_L2 0.012306
[  147/ 2000] [    6/   10] [   147] D_mmd2 5.2171e+00 G_mmd2 5.2963e+00 mmd2_real 1.5982e-01 real_L2 0.037709 fake_L2 0.010460
[  148/ 2000] [    6/   10] [   148] D_mmd2 4.9683e+00 G_mmd2 5.2186e+00 mmd2_real 1.8337e-01 real_L2 0.044138 fake_L2 0.013473
[  149/ 2000] [    6/   10] [   149] D_mmd2 5.0953e+00 G_mmd2 5.3068e+00 mmd2_real 1.4905e-01 real_L2 0.034221 fake_L2 0.013434
[  150/ 2000] [    6/   10] [   150] D_mmd2 5.1484e+00 G_mmd2 5.1508e+00 mmd2_real 1.7371e-01 real_L2 0.037875 fake_L2 0.012498
iter  150 tm 13.36m val_mse -1.0 val_mae -1.0 val_auc 0.887681 tst_mse -1.0 tst_mae -1.0 tst_auc 0.592995 [best_val_auc 0.887681 best_tst_auc 0.614734 best_epoch 125]
[  151/ 2000] [    6/   10] [   151] D_mmd2 5.1432e+00 G_mmd2 5.2605e+00 mmd2_real 1.5221e-01 real_L2 0.042030 fake_L2 0.012591
[  152/ 2000] [    6/   10] [   152] D_mmd2 5.1835e+00 G_mmd2 5.1511e+00 mmd2_real 2.1956e-01 real_L2 0.042122 fake_L2 0.012385
[  153/ 2000] [    6/   10] [   153] D_mmd2 5.0249e+00 G_mmd2 4.8514e+00 mmd2_real 1.7208e-01 real_L2 0.041974 fake_L2 0.011999
[  154/ 2000] [    6/   10] [   154] D_mmd2 4.9715e+00 G_mmd2 4.9218e+00 mmd2_real 1.8669e-01 real_L2 0.040006 fake_L2 0.012877
[  155/ 2000] [    6/   10] [   155] D_mmd2 4.8651e+00 G_mmd2 4.9718e+00 mmd2_real 1.6447e-01 real_L2 0.041791 fake_L2 0.014446
[  156/ 2000] [    6/   10] [   156] D_mmd2 4.8683e+00 G_mmd2 4.8417e+00 mmd2_real 1.7073e-01 real_L2 0.041219 fake_L2 0.013554
[  157/ 2000] [    6/   10] [   157] D_mmd2 4.8331e+00 G_mmd2 5.0117e+00 mmd2_real 2.3845e-01 real_L2 0.044678 fake_L2 0.015062
[  158/ 2000] [    6/   10] [   158] D_mmd2 5.0844e+00 G_mmd2 4.8147e+00 mmd2_real 1.9170e-01 real_L2 0.041514 fake_L2 0.012516
[  159/ 2000] [    6/   10] [   159] D_mmd2 4.5858e+00 G_mmd2 4.8567e+00 mmd2_real 2.0599e-01 real_L2 0.039797 fake_L2 0.014002
[  160/ 2000] [    6/   10] [   160] D_mmd2 4.7084e+00 G_mmd2 4.8439e+00 mmd2_real 2.2916e-01 real_L2 0.039726 fake_L2 0.012337
[  161/ 2000] [    6/   10] [   161] D_mmd2 4.6860e+00 G_mmd2 4.6667e+00 mmd2_real 1.5350e-01 real_L2 0.039882 fake_L2 0.010991
[  162/ 2000] [    6/   10] [   162] D_mmd2 4.7015e+00 G_mmd2 4.7991e+00 mmd2_real 2.0025e-01 real_L2 0.043149 fake_L2 0.012343
[  163/ 2000] [    6/   10] [   163] D_mmd2 4.7895e+00 G_mmd2 4.8678e+00 mmd2_real 1.7441e-01 real_L2 0.046146 fake_L2 0.014301
[  164/ 2000] [    6/   10] [   164] D_mmd2 4.4155e+00 G_mmd2 4.3689e+00 mmd2_real 2.0555e-01 real_L2 0.034224 fake_L2 0.015831
[  165/ 2000] [    6/   10] [   165] D_mmd2 4.6639e+00 G_mmd2 4.5883e+00 mmd2_real 1.9559e-01 real_L2 0.043664 fake_L2 0.014192
[  166/ 2000] [    6/   10] [   166] D_mmd2 4.3996e+00 G_mmd2 4.6292e+00 mmd2_real 1.4162e-01 real_L2 0.036088 fake_L2 0.013421
[  167/ 2000] [    6/   10] [   167] D_mmd2 4.4722e+00 G_mmd2 4.5033e+00 mmd2_real 1.7678e-01 real_L2 0.039636 fake_L2 0.013722
[  168/ 2000] [    6/   10] [   168] D_mmd2 4.2929e+00 G_mmd2 4.5516e+00 mmd2_real 1.7262e-01 real_L2 0.038370 fake_L2 0.015032
[  169/ 2000] [    6/   10] [   169] D_mmd2 4.3777e+00 G_mmd2 4.1478e+00 mmd2_real 2.1137e-01 real_L2 0.042465 fake_L2 0.012758
[  170/ 2000] [    6/   10] [   170] D_mmd2 4.2888e+00 G_mmd2 4.3718e+00 mmd2_real 2.1892e-01 real_L2 0.043070 fake_L2 0.011815
[  171/ 2000] [    6/   10] [   171] D_mmd2 3.9106e+00 G_mmd2 4.1480e+00 mmd2_real 2.0399e-01 real_L2 0.041703 fake_L2 0.015481
[  172/ 2000] [    6/   10] [   172] D_mmd2 3.9933e+00 G_mmd2 4.4231e+00 mmd2_real 1.7527e-01 real_L2 0.042467 fake_L2 0.015328
[  173/ 2000] [    6/   10] [   173] D_mmd2 4.2545e+00 G_mmd2 4.0317e+00 mmd2_real 1.6693e-01 real_L2 0.040624 fake_L2 0.012561
[  174/ 2000] [    6/   10] [   174] D_mmd2 3.8528e+00 G_mmd2 3.6979e+00 mmd2_real 1.6949e-01 real_L2 0.038607 fake_L2 0.012856
[  175/ 2000] [    6/   10] [   175] D_mmd2 3.9154e+00 G_mmd2 4.1315e+00 mmd2_real 1.4171e-01 real_L2 0.037859 fake_L2 0.012344
iter  175 tm 15.71m val_mse -1.0 val_mae -1.0 val_auc 0.844203 tst_mse -1.0 tst_mae -1.0 tst_auc 0.466184 [best_val_auc 0.844203 best_tst_auc 0.466184 best_epoch 175]
[  176/ 2000] [    6/   10] [   176] D_mmd2 4.0021e+00 G_mmd2 4.0343e+00 mmd2_real 1.5428e-01 real_L2 0.045131 fake_L2 0.014156
[  177/ 2000] [    6/   10] [   177] D_mmd2 3.7854e+00 G_mmd2 3.9016e+00 mmd2_real 1.6822e-01 real_L2 0.045551 fake_L2 0.010949
[  178/ 2000] [    6/   10] [   178] D_mmd2 3.3855e+00 G_mmd2 4.0744e+00 mmd2_real 2.2584e-01 real_L2 0.043046 fake_L2 0.014861
[  179/ 2000] [    6/   10] [   179] D_mmd2 3.8321e+00 G_mmd2 3.7534e+00 mmd2_real 1.7859e-01 real_L2 0.039215 fake_L2 0.013161
[  180/ 2000] [    6/   10] [   180] D_mmd2 3.9994e+00 G_mmd2 3.3458e+00 mmd2_real 1.6616e-01 real_L2 0.038689 fake_L2 0.014736
[  181/ 2000] [    6/   10] [   181] D_mmd2 3.4586e+00 G_mmd2 3.8706e+00 mmd2_real 2.2257e-01 real_L2 0.039161 fake_L2 0.013879
[  182/ 2000] [    6/   10] [   182] D_mmd2 3.7130e+00 G_mmd2 3.1525e+00 mmd2_real 1.8707e-01 real_L2 0.040084 fake_L2 0.012827
[  183/ 2000] [    6/   10] [   183] D_mmd2 3.3325e+00 G_mmd2 3.2223e+00 mmd2_real 2.8457e-01 real_L2 0.038807 fake_L2 0.013416
[  184/ 2000] [    6/   10] [   184] D_mmd2 3.1575e+00 G_mmd2 3.4230e+00 mmd2_real 2.0309e-01 real_L2 0.038470 fake_L2 0.015488
[  185/ 2000] [    6/   10] [   185] D_mmd2 3.1319e+00 G_mmd2 3.2852e+00 mmd2_real 2.9267e-01 real_L2 0.041429 fake_L2 0.014185
[  186/ 2000] [    6/   10] [   186] D_mmd2 3.2923e+00 G_mmd2 3.1628e+00 mmd2_real 2.5260e-01 real_L2 0.042261 fake_L2 0.015183
[  187/ 2000] [    6/   10] [   187] D_mmd2 2.8916e+00 G_mmd2 3.3035e+00 mmd2_real 2.6687e-01 real_L2 0.043943 fake_L2 0.016151
[  188/ 2000] [    6/   10] [   188] D_mmd2 3.1891e+00 G_mmd2 2.8895e+00 mmd2_real 3.3281e-01 real_L2 0.041032 fake_L2 0.014321
[  189/ 2000] [    6/   10] [   189] D_mmd2 3.2882e+00 G_mmd2 3.4790e+00 mmd2_real 3.2463e-01 real_L2 0.040453 fake_L2 0.014446
[  190/ 2000] [    6/   10] [   190] D_mmd2 2.8737e+00 G_mmd2 3.3893e+00 mmd2_real 3.4878e-01 real_L2 0.041907 fake_L2 0.014907
[  191/ 2000] [    6/   10] [   191] D_mmd2 3.1810e+00 G_mmd2 3.0211e+00 mmd2_real 3.0919e-01 real_L2 0.042301 fake_L2 0.012341
[  192/ 2000] [    6/   10] [   192] D_mmd2 3.3781e+00 G_mmd2 2.9020e+00 mmd2_real 3.8378e-01 real_L2 0.040900 fake_L2 0.015716
[  193/ 2000] [    6/   10] [   193] D_mmd2 2.9127e+00 G_mmd2 3.3264e+00 mmd2_real 4.7959e-01 real_L2 0.039635 fake_L2 0.014846
[  194/ 2000] [    6/   10] [   194] D_mmd2 3.4682e+00 G_mmd2 3.1513e+00 mmd2_real 5.8894e-01 real_L2 0.038087 fake_L2 0.013024
[  195/ 2000] [    6/   10] [   195] D_mmd2 3.3483e+00 G_mmd2 3.2105e+00 mmd2_real 4.9233e-01 real_L2 0.037319 fake_L2 0.013569
[  196/ 2000] [    6/   10] [   196] D_mmd2 3.2721e+00 G_mmd2 3.4985e+00 mmd2_real 6.9790e-01 real_L2 0.041490 fake_L2 0.014298
[  197/ 2000] [    6/   10] [   197] D_mmd2 3.2791e+00 G_mmd2 3.1024e+00 mmd2_real 6.2574e-01 real_L2 0.040982 fake_L2 0.014869
[  198/ 2000] [    6/   10] [   198] D_mmd2 3.2597e+00 G_mmd2 3.3658e+00 mmd2_real 6.7486e-01 real_L2 0.039364 fake_L2 0.013280
[  199/ 2000] [    6/   10] [   199] D_mmd2 3.1330e+00 G_mmd2 3.6354e+00 mmd2_real 7.0722e-01 real_L2 0.037101 fake_L2 0.014611
[  200/ 2000] [    6/   10] [   200] D_mmd2 3.5951e+00 G_mmd2 3.1110e+00 mmd2_real 7.7029e-01 real_L2 0.038086 fake_L2 0.013088
iter  200 tm 18.03m val_mse -1.0 val_mae -1.0 val_auc 0.264493 tst_mse -1.0 tst_mae -1.0 tst_auc 0.278986 [best_val_auc 0.844203 best_tst_auc 0.466184 best_epoch 175]
[  201/ 2000] [    6/   10] [   201] D_mmd2 3.6559e+00 G_mmd2 3.2098e+00 mmd2_real 6.0553e-01 real_L2 0.039370 fake_L2 0.014703
[  202/ 2000] [    6/   10] [   202] D_mmd2 3.1859e+00 G_mmd2 3.1325e+00 mmd2_real 1.0143e+00 real_L2 0.034350 fake_L2 0.015393
[  203/ 2000] [    6/   10] [   203] D_mmd2 3.7521e+00 G_mmd2 3.0088e+00 mmd2_real 7.2297e-01 real_L2 0.037832 fake_L2 0.014010
[  204/ 2000] [    6/   10] [   204] D_mmd2 3.1529e+00 G_mmd2 3.2324e+00 mmd2_real 9.9452e-01 real_L2 0.035823 fake_L2 0.016444
[  205/ 2000] [    6/   10] [   205] D_mmd2 2.9455e+00 G_mmd2 3.3505e+00 mmd2_real 8.5803e-01 real_L2 0.032180 fake_L2 0.013680
[  206/ 2000] [    6/   10] [   206] D_mmd2 3.4061e+00 G_mmd2 3.2098e+00 mmd2_real 9.8817e-01 real_L2 0.031115 fake_L2 0.014768
[  207/ 2000] [    6/   10] [   207] D_mmd2 3.2516e+00 G_mmd2 3.2387e+00 mmd2_real 9.0553e-01 real_L2 0.032026 fake_L2 0.013425
[  208/ 2000] [    6/   10] [   208] D_mmd2 3.5398e+00 G_mmd2 3.2762e+00 mmd2_real 1.0675e+00 real_L2 0.035092 fake_L2 0.013476
[  209/ 2000] [    6/   10] [   209] D_mmd2 3.3962e+00 G_mmd2 3.5167e+00 mmd2_real 1.0321e+00 real_L2 0.030082 fake_L2 0.014434
[  210/ 2000] [    6/   10] [   210] D_mmd2 3.5692e+00 G_mmd2 3.2915e+00 mmd2_real 9.8598e-01 real_L2 0.032990 fake_L2 0.015467
[  211/ 2000] [    6/   10] [   211] D_mmd2 3.1031e+00 G_mmd2 3.6701e+00 mmd2_real 1.1957e+00 real_L2 0.033331 fake_L2 0.015131
[  212/ 2000] [    6/   10] [   212] D_mmd2 3.3707e+00 G_mmd2 3.1520e+00 mmd2_real 1.0560e+00 real_L2 0.032409 fake_L2 0.014622
[  213/ 2000] [    6/   10] [   213] D_mmd2 3.3014e+00 G_mmd2 3.3042e+00 mmd2_real 1.0910e+00 real_L2 0.030138 fake_L2 0.014193
[  214/ 2000] [    6/   10] [   214] D_mmd2 3.4744e+00 G_mmd2 3.2641e+00 mmd2_real 1.0171e+00 real_L2 0.029268 fake_L2 0.014175
[  215/ 2000] [    6/   10] [   215] D_mmd2 3.4874e+00 G_mmd2 3.4462e+00 mmd2_real 1.0347e+00 real_L2 0.031561 fake_L2 0.013934
[  216/ 2000] [    6/   10] [   216] D_mmd2 3.5839e+00 G_mmd2 3.4961e+00 mmd2_real 1.0387e+00 real_L2 0.030705 fake_L2 0.013808
[  217/ 2000] [    6/   10] [   217] D_mmd2 3.2268e+00 G_mmd2 3.4213e+00 mmd2_real 1.2217e+00 real_L2 0.027241 fake_L2 0.012611
[  218/ 2000] [    6/   10] [   218] D_mmd2 3.6576e+00 G_mmd2 3.4992e+00 mmd2_real 1.1863e+00 real_L2 0.027020 fake_L2 0.011490
[  219/ 2000] [    6/   10] [   219] D_mmd2 3.1837e+00 G_mmd2 3.4554e+00 mmd2_real 1.0524e+00 real_L2 0.026352 fake_L2 0.014498
[  220/ 2000] [    6/   10] [   220] D_mmd2 3.2185e+00 G_mmd2 3.1356e+00 mmd2_real 1.3822e+00 real_L2 0.027347 fake_L2 0.016466
[  221/ 2000] [    6/   10] [   221] D_mmd2 3.2211e+00 G_mmd2 3.1120e+00 mmd2_real 1.3331e+00 real_L2 0.026300 fake_L2 0.015609
[  222/ 2000] [    6/   10] [   222] D_mmd2 3.0935e+00 G_mmd2 3.3405e+00 mmd2_real 1.3901e+00 real_L2 0.024490 fake_L2 0.014619
[  223/ 2000] [    6/   10] [   223] D_mmd2 2.9462e+00 G_mmd2 3.5728e+00 mmd2_real 1.4053e+00 real_L2 0.021358 fake_L2 0.013204
[  224/ 2000] [    6/   10] [   224] D_mmd2 3.0822e+00 G_mmd2 2.8382e+00 mmd2_real 1.4889e+00 real_L2 0.023141 fake_L2 0.011299
[  225/ 2000] [    6/   10] [   225] D_mmd2 3.2271e+00 G_mmd2 3.2911e+00 mmd2_real 1.3102e+00 real_L2 0.024411 fake_L2 0.015464
iter  225 tm 20.31m val_mse -1.0 val_mae -1.0 val_auc 0.339372 tst_mse -1.0 tst_mae -1.0 tst_auc 0.477053 [best_val_auc 0.844203 best_tst_auc 0.466184 best_epoch 175]
[  226/ 2000] [    6/   10] [   226] D_mmd2 3.3259e+00 G_mmd2 2.9405e+00 mmd2_real 1.3771e+00 real_L2 0.024312 fake_L2 0.016761
[  227/ 2000] [    6/   10] [   227] D_mmd2 2.8978e+00 G_mmd2 2.9037e+00 mmd2_real 1.3679e+00 real_L2 0.022218 fake_L2 0.018569
[  228/ 2000] [    6/   10] [   228] D_mmd2 3.2434e+00 G_mmd2 2.7644e+00 mmd2_real 1.4490e+00 real_L2 0.024290 fake_L2 0.015539
[  229/ 2000] [    6/   10] [   229] D_mmd2 3.0403e+00 G_mmd2 2.7931e+00 mmd2_real 1.5224e+00 real_L2 0.022331 fake_L2 0.016617
[  230/ 2000] [    6/   10] [   230] D_mmd2 2.9075e+00 G_mmd2 3.4098e+00 mmd2_real 1.1229e+00 real_L2 0.023610 fake_L2 0.013518
[  231/ 2000] [    6/   10] [   231] D_mmd2 3.1377e+00 G_mmd2 3.3725e+00 mmd2_real 1.3193e+00 real_L2 0.021687 fake_L2 0.012120
[  232/ 2000] [    6/   10] [   232] D_mmd2 3.2622e+00 G_mmd2 2.9216e+00 mmd2_real 1.3276e+00 real_L2 0.022866 fake_L2 0.017231
[  233/ 2000] [    6/   10] [   233] D_mmd2 2.5991e+00 G_mmd2 2.9245e+00 mmd2_real 1.4767e+00 real_L2 0.019984 fake_L2 0.014184
[  234/ 2000] [    6/   10] [   234] D_mmd2 2.7746e+00 G_mmd2 2.9111e+00 mmd2_real 1.2509e+00 real_L2 0.022041 fake_L2 0.016349
[  235/ 2000] [    6/   10] [   235] D_mmd2 2.5752e+00 G_mmd2 2.8807e+00 mmd2_real 1.5032e+00 real_L2 0.020049 fake_L2 0.014739
[  236/ 2000] [    6/   10] [   236] D_mmd2 2.6184e+00 G_mmd2 3.3949e+00 mmd2_real 1.2825e+00 real_L2 0.020252 fake_L2 0.014270
[  237/ 2000] [    6/   10] [   237] D_mmd2 2.9160e+00 G_mmd2 2.7846e+00 mmd2_real 1.1811e+00 real_L2 0.020268 fake_L2 0.017340
[  238/ 2000] [    6/   10] [   238] D_mmd2 2.7361e+00 G_mmd2 2.9274e+00 mmd2_real 1.2075e+00 real_L2 0.021374 fake_L2 0.017588
[  239/ 2000] [    6/   10] [   239] D_mmd2 3.0732e+00 G_mmd2 2.5846e+00 mmd2_real 1.3236e+00 real_L2 0.020185 fake_L2 0.013285
[  240/ 2000] [    6/   10] [   240] D_mmd2 3.3259e+00 G_mmd2 2.7984e+00 mmd2_real 1.2748e+00 real_L2 0.021767 fake_L2 0.017111
[  241/ 2000] [    6/   10] [   241] D_mmd2 2.7247e+00 G_mmd2 2.7979e+00 mmd2_real 1.3113e+00 real_L2 0.020190 fake_L2 0.014054
[  242/ 2000] [    6/   10] [   242] D_mmd2 2.3037e+00 G_mmd2 3.0404e+00 mmd2_real 1.3806e+00 real_L2 0.017985 fake_L2 0.016382
[  243/ 2000] [    6/   10] [   243] D_mmd2 3.0415e+00 G_mmd2 2.4456e+00 mmd2_real 1.0576e+00 real_L2 0.021506 fake_L2 0.015717
[  244/ 2000] [    6/   10] [   244] D_mmd2 2.8769e+00 G_mmd2 2.5075e+00 mmd2_real 1.4225e+00 real_L2 0.018836 fake_L2 0.019023
[  245/ 2000] [    6/   10] [   245] D_mmd2 2.1899e+00 G_mmd2 2.8144e+00 mmd2_real 1.3560e+00 real_L2 0.017796 fake_L2 0.016492
[  246/ 2000] [    6/   10] [   246] D_mmd2 3.0756e+00 G_mmd2 2.6558e+00 mmd2_real 1.1731e+00 real_L2 0.020880 fake_L2 0.020249
[  247/ 2000] [    6/   10] [   247] D_mmd2 2.9717e+00 G_mmd2 2.9345e+00 mmd2_real 1.1086e+00 real_L2 0.020909 fake_L2 0.015760
[  248/ 2000] [    6/   10] [   248] D_mmd2 2.6756e+00 G_mmd2 2.6078e+00 mmd2_real 1.3990e+00 real_L2 0.019530 fake_L2 0.015909
[  249/ 2000] [    6/   10] [   249] D_mmd2 2.3013e+00 G_mmd2 3.0417e+00 mmd2_real 1.1027e+00 real_L2 0.018897 fake_L2 0.014491
[  250/ 2000] [    6/   10] [   250] D_mmd2 2.8402e+00 G_mmd2 2.8016e+00 mmd2_real 1.3586e+00 real_L2 0.019411 fake_L2 0.017225
iter  250 tm 22.66m val_mse -1.0 val_mae -1.0 val_auc 0.409420 tst_mse -1.0 tst_mae -1.0 tst_auc 0.640097 [best_val_auc 0.844203 best_tst_auc 0.466184 best_epoch 175]
[  251/ 2000] [    6/   10] [   251] D_mmd2 3.0939e+00 G_mmd2 2.5484e+00 mmd2_real 1.1723e+00 real_L2 0.020506 fake_L2 0.018718
[  252/ 2000] [    6/   10] [   252] D_mmd2 2.4670e+00 G_mmd2 2.7576e+00 mmd2_real 1.0937e+00 real_L2 0.019622 fake_L2 0.016729
[  253/ 2000] [    6/   10] [   253] D_mmd2 2.8405e+00 G_mmd2 2.7763e+00 mmd2_real 1.1819e+00 real_L2 0.020197 fake_L2 0.017433
[  254/ 2000] [    6/   10] [   254] D_mmd2 2.6565e+00 G_mmd2 2.7251e+00 mmd2_real 1.3710e+00 real_L2 0.018540 fake_L2 0.013509
[  255/ 2000] [    6/   10] [   255] D_mmd2 3.0393e+00 G_mmd2 2.3944e+00 mmd2_real 1.1608e+00 real_L2 0.020466 fake_L2 0.019461
[  256/ 2000] [    6/   10] [   256] D_mmd2 2.8240e+00 G_mmd2 2.6317e+00 mmd2_real 1.2604e+00 real_L2 0.017845 fake_L2 0.020341
[  257/ 2000] [    6/   10] [   257] D_mmd2 2.8581e+00 G_mmd2 2.7930e+00 mmd2_real 1.1665e+00 real_L2 0.019703 fake_L2 0.016852
[  258/ 2000] [    6/   10] [   258] D_mmd2 2.8603e+00 G_mmd2 2.5613e+00 mmd2_real 1.1617e+00 real_L2 0.019934 fake_L2 0.020135
[  259/ 2000] [    6/   10] [   259] D_mmd2 2.5962e+00 G_mmd2 2.9491e+00 mmd2_real 1.3369e+00 real_L2 0.017861 fake_L2 0.017338
[  260/ 2000] [    6/   10] [   260] D_mmd2 2.6253e+00 G_mmd2 2.8635e+00 mmd2_real 1.3637e+00 real_L2 0.017692 fake_L2 0.012116
[  261/ 2000] [    6/   10] [   261] D_mmd2 3.0247e+00 G_mmd2 2.6189e+00 mmd2_real 1.0447e+00 real_L2 0.020874 fake_L2 0.016160
[  262/ 2000] [    6/   10] [   262] D_mmd2 2.5259e+00 G_mmd2 2.7173e+00 mmd2_real 1.3092e+00 real_L2 0.019213 fake_L2 0.016775
[  263/ 2000] [    6/   10] [   263] D_mmd2 2.9448e+00 G_mmd2 2.6120e+00 mmd2_real 1.3197e+00 real_L2 0.018050 fake_L2 0.018116
[  264/ 2000] [    6/   10] [   264] D_mmd2 2.5325e+00 G_mmd2 2.5970e+00 mmd2_real 1.2915e+00 real_L2 0.016985 fake_L2 0.020152
[  265/ 2000] [    6/   10] [   265] D_mmd2 2.5861e+00 G_mmd2 2.7209e+00 mmd2_real 1.1880e+00 real_L2 0.019246 fake_L2 0.017425
[  266/ 2000] [    6/   10] [   266] D_mmd2 2.5513e+00 G_mmd2 2.5981e+00 mmd2_real 1.3284e+00 real_L2 0.018609 fake_L2 0.017721
[  267/ 2000] [    6/   10] [   267] D_mmd2 2.7389e+00 G_mmd2 2.3948e+00 mmd2_real 1.3229e+00 real_L2 0.020500 fake_L2 0.021903
[  268/ 2000] [    6/   10] [   268] D_mmd2 2.5466e+00 G_mmd2 2.8063e+00 mmd2_real 1.3656e+00 real_L2 0.018135 fake_L2 0.014289
[  269/ 2000] [    6/   10] [   269] D_mmd2 2.6266e+00 G_mmd2 2.7148e+00 mmd2_real 1.1643e+00 real_L2 0.018024 fake_L2 0.013434
[  270/ 2000] [    6/   10] [   270] D_mmd2 2.8336e+00 G_mmd2 2.6681e+00 mmd2_real 1.1156e+00 real_L2 0.020376 fake_L2 0.018930
[  271/ 2000] [    6/   10] [   271] D_mmd2 2.5735e+00 G_mmd2 2.8692e+00 mmd2_real 1.1028e+00 real_L2 0.018265 fake_L2 0.018408
[  272/ 2000] [    6/   10] [   272] D_mmd2 3.2970e+00 G_mmd2 2.4084e+00 mmd2_real 1.2472e+00 real_L2 0.019270 fake_L2 0.017909
[  273/ 2000] [    6/   10] [   273] D_mmd2 2.7390e+00 G_mmd2 2.5386e+00 mmd2_real 1.2014e+00 real_L2 0.017566 fake_L2 0.018840
[  274/ 2000] [    6/   10] [   274] D_mmd2 3.1007e+00 G_mmd2 2.5868e+00 mmd2_real 1.2309e+00 real_L2 0.018587 fake_L2 0.018056
[  275/ 2000] [    6/   10] [   275] D_mmd2 2.6407e+00 G_mmd2 2.6888e+00 mmd2_real 1.3690e+00 real_L2 0.018598 fake_L2 0.017329
iter  275 tm 24.91m val_mse -1.0 val_mae -1.0 val_auc 0.425121 tst_mse -1.0 tst_mae -1.0 tst_auc 0.687198 [best_val_auc 0.844203 best_tst_auc 0.466184 best_epoch 175]
[  276/ 2000] [    6/   10] [   276] D_mmd2 2.6873e+00 G_mmd2 2.6267e+00 mmd2_real 1.1211e+00 real_L2 0.019420 fake_L2 0.020943
[  277/ 2000] [    6/   10] [   277] D_mmd2 2.8623e+00 G_mmd2 2.7541e+00 mmd2_real 1.2508e+00 real_L2 0.020016 fake_L2 0.020523
[  278/ 2000] [    6/   10] [   278] D_mmd2 2.6248e+00 G_mmd2 2.7656e+00 mmd2_real 1.2658e+00 real_L2 0.017267 fake_L2 0.018612
[  279/ 2000] [    6/   10] [   279] D_mmd2 2.3793e+00 G_mmd2 2.7740e+00 mmd2_real 1.3048e+00 real_L2 0.016944 fake_L2 0.020068
[  280/ 2000] [    6/   10] [   280] D_mmd2 2.7004e+00 G_mmd2 2.4882e+00 mmd2_real 1.2229e+00 real_L2 0.017129 fake_L2 0.019721
[  281/ 2000] [    6/   10] [   281] D_mmd2 2.7627e+00 G_mmd2 2.5570e+00 mmd2_real 1.2357e+00 real_L2 0.018177 fake_L2 0.017973
[  282/ 2000] [    6/   10] [   282] D_mmd2 2.5385e+00 G_mmd2 2.5191e+00 mmd2_real 1.2732e+00 real_L2 0.017660 fake_L2 0.017103
[  283/ 2000] [    6/   10] [   283] D_mmd2 2.9880e+00 G_mmd2 2.5295e+00 mmd2_real 1.1940e+00 real_L2 0.018512 fake_L2 0.019599
[  284/ 2000] [    6/   10] [   284] D_mmd2 2.4367e+00 G_mmd2 2.5991e+00 mmd2_real 1.2706e+00 real_L2 0.016619 fake_L2 0.015814
[  285/ 2000] [    6/   10] [   285] D_mmd2 2.3148e+00 G_mmd2 2.5036e+00 mmd2_real 1.2205e+00 real_L2 0.017254 fake_L2 0.017646
[  286/ 2000] [    6/   10] [   286] D_mmd2 2.7679e+00 G_mmd2 2.5301e+00 mmd2_real 1.2960e+00 real_L2 0.018155 fake_L2 0.017395
[  287/ 2000] [    6/   10] [   287] D_mmd2 2.4218e+00 G_mmd2 2.8226e+00 mmd2_real 1.4329e+00 real_L2 0.017266 fake_L2 0.017845
[  288/ 2000] [    6/   10] [   288] D_mmd2 2.4981e+00 G_mmd2 2.5198e+00 mmd2_real 1.1365e+00 real_L2 0.017869 fake_L2 0.017292
[  289/ 2000] [    6/   10] [   289] D_mmd2 2.6082e+00 G_mmd2 2.8208e+00 mmd2_real 1.3068e+00 real_L2 0.018010 fake_L2 0.016901
[  290/ 2000] [    6/   10] [   290] D_mmd2 2.2963e+00 G_mmd2 2.5876e+00 mmd2_real 1.1084e+00 real_L2 0.017367 fake_L2 0.018076
[  291/ 2000] [    6/   10] [   291] D_mmd2 2.3829e+00 G_mmd2 2.4399e+00 mmd2_real 1.3379e+00 real_L2 0.017996 fake_L2 0.018972
[  292/ 2000] [    6/   10] [   292] D_mmd2 2.5864e+00 G_mmd2 2.9575e+00 mmd2_real 1.3803e+00 real_L2 0.016530 fake_L2 0.018638
[  293/ 2000] [    6/   10] [   293] D_mmd2 2.4703e+00 G_mmd2 2.7981e+00 mmd2_real 1.1689e+00 real_L2 0.016014 fake_L2 0.017848
[  294/ 2000] [    6/   10] [   294] D_mmd2 2.6218e+00 G_mmd2 2.5375e+00 mmd2_real 1.2019e+00 real_L2 0.017699 fake_L2 0.016669
[  295/ 2000] [    6/   10] [   295] D_mmd2 2.7425e+00 G_mmd2 2.7339e+00 mmd2_real 1.1231e+00 real_L2 0.016848 fake_L2 0.019787
[  296/ 2000] [    6/   10] [   296] D_mmd2 2.7269e+00 G_mmd2 2.3847e+00 mmd2_real 1.1423e+00 real_L2 0.017258 fake_L2 0.018304
[  297/ 2000] [    6/   10] [   297] D_mmd2 3.0221e+00 G_mmd2 2.3462e+00 mmd2_real 1.0918e+00 real_L2 0.018909 fake_L2 0.017496
[  298/ 2000] [    6/   10] [   298] D_mmd2 2.6286e+00 G_mmd2 2.6880e+00 mmd2_real 1.0006e+00 real_L2 0.017902 fake_L2 0.022137
[  299/ 2000] [    6/   10] [   299] D_mmd2 2.2112e+00 G_mmd2 2.2595e+00 mmd2_real 1.2679e+00 real_L2 0.017411 fake_L2 0.017389
[  300/ 2000] [    6/   10] [   300] D_mmd2 2.3672e+00 G_mmd2 2.7802e+00 mmd2_real 1.2899e+00 real_L2 0.016848 fake_L2 0.017170
iter  300 tm 27.11m val_mse -1.0 val_mae -1.0 val_auc 0.455314 tst_mse -1.0 tst_mae -1.0 tst_auc 0.688406 [best_val_auc 0.844203 best_tst_auc 0.466184 best_epoch 175]
[  301/ 2000] [    6/   10] [   301] D_mmd2 2.2773e+00 G_mmd2 2.5401e+00 mmd2_real 1.2883e+00 real_L2 0.016575 fake_L2 0.019407
[  302/ 2000] [    6/   10] [   302] D_mmd2 2.8438e+00 G_mmd2 2.1883e+00 mmd2_real 1.1799e+00 real_L2 0.016505 fake_L2 0.020248
[  303/ 2000] [    6/   10] [   303] D_mmd2 2.5276e+00 G_mmd2 2.3342e+00 mmd2_real 1.1606e+00 real_L2 0.018190 fake_L2 0.018226
[  304/ 2000] [    6/   10] [   304] D_mmd2 2.4263e+00 G_mmd2 2.4228e+00 mmd2_real 1.2278e+00 real_L2 0.016867 fake_L2 0.021596
[  305/ 2000] [    6/   10] [   305] D_mmd2 2.8296e+00 G_mmd2 2.7277e+00 mmd2_real 1.0859e+00 real_L2 0.016668 fake_L2 0.019203
[  306/ 2000] [    6/   10] [   306] D_mmd2 2.7653e+00 G_mmd2 2.7313e+00 mmd2_real 1.1467e+00 real_L2 0.017214 fake_L2 0.019037
[  307/ 2000] [    6/   10] [   307] D_mmd2 2.4895e+00 G_mmd2 2.5163e+00 mmd2_real 1.0516e+00 real_L2 0.016833 fake_L2 0.020131
[  308/ 2000] [    6/   10] [   308] D_mmd2 2.6351e+00 G_mmd2 2.0829e+00 mmd2_real 1.0726e+00 real_L2 0.016286 fake_L2 0.023238
[  309/ 2000] [    6/   10] [   309] D_mmd2 2.5372e+00 G_mmd2 2.4167e+00 mmd2_real 1.1113e+00 real_L2 0.017088 fake_L2 0.018490
[  310/ 2000] [    6/   10] [   310] D_mmd2 2.1927e+00 G_mmd2 2.4305e+00 mmd2_real 1.3268e+00 real_L2 0.016875 fake_L2 0.020313
[  311/ 2000] [    6/   10] [   311] D_mmd2 2.4488e+00 G_mmd2 2.3139e+00 mmd2_real 1.2894e+00 real_L2 0.017355 fake_L2 0.018974
[  312/ 2000] [    6/   10] [   312] D_mmd2 2.3808e+00 G_mmd2 2.4996e+00 mmd2_real 1.0947e+00 real_L2 0.016866 fake_L2 0.021579
[  313/ 2000] [    6/   10] [   313] D_mmd2 2.7766e+00 G_mmd2 2.4697e+00 mmd2_real 1.4324e+00 real_L2 0.017414 fake_L2 0.018546
[  314/ 2000] [    6/   10] [   314] D_mmd2 2.0364e+00 G_mmd2 2.1233e+00 mmd2_real 1.0831e+00 real_L2 0.016815 fake_L2 0.017465
[  315/ 2000] [    6/   10] [   315] D_mmd2 2.6147e+00 G_mmd2 2.4013e+00 mmd2_real 1.2713e+00 real_L2 0.016569 fake_L2 0.016715
[  316/ 2000] [    6/   10] [   316] D_mmd2 2.4115e+00 G_mmd2 2.6940e+00 mmd2_real 1.1959e+00 real_L2 0.017120 fake_L2 0.023022
[  317/ 2000] [    6/   10] [   317] D_mmd2 2.3965e+00 G_mmd2 2.4692e+00 mmd2_real 1.2274e+00 real_L2 0.017902 fake_L2 0.021409
[  318/ 2000] [    6/   10] [   318] D_mmd2 2.9682e+00 G_mmd2 2.5802e+00 mmd2_real 9.7442e-01 real_L2 0.017626 fake_L2 0.023686
[  319/ 2000] [    6/   10] [   319] D_mmd2 2.1336e+00 G_mmd2 2.5607e+00 mmd2_real 1.2122e+00 real_L2 0.017195 fake_L2 0.018431
[  320/ 2000] [    6/   10] [   320] D_mmd2 2.8672e+00 G_mmd2 2.5475e+00 mmd2_real 1.2113e+00 real_L2 0.017894 fake_L2 0.024746
[  321/ 2000] [    6/   10] [   321] D_mmd2 2.1282e+00 G_mmd2 2.4355e+00 mmd2_real 1.1435e+00 real_L2 0.017380 fake_L2 0.019398
[  322/ 2000] [    6/   10] [   322] D_mmd2 2.4592e+00 G_mmd2 2.4534e+00 mmd2_real 1.0724e+00 real_L2 0.016690 fake_L2 0.023519
[  323/ 2000] [    6/   10] [   323] D_mmd2 1.9072e+00 G_mmd2 2.7568e+00 mmd2_real 1.3484e+00 real_L2 0.016586 fake_L2 0.020359
[  324/ 2000] [    6/   10] [   324] D_mmd2 2.2284e+00 G_mmd2 2.3413e+00 mmd2_real 1.0141e+00 real_L2 0.018439 fake_L2 0.019336
[  325/ 2000] [    6/   10] [   325] D_mmd2 2.4683e+00 G_mmd2 2.3426e+00 mmd2_real 1.4589e+00 real_L2 0.015632 fake_L2 0.020055
iter  325 tm 29.33m val_mse -1.0 val_mae -1.0 val_auc 0.479469 tst_mse -1.0 tst_mae -1.0 tst_auc 0.688406 [best_val_auc 0.844203 best_tst_auc 0.466184 best_epoch 175]
[  326/ 2000] [    6/   10] [   326] D_mmd2 2.3838e+00 G_mmd2 2.1850e+00 mmd2_real 1.2000e+00 real_L2 0.018247 fake_L2 0.028373
[  327/ 2000] [    6/   10] [   327] D_mmd2 2.3281e+00 G_mmd2 2.3230e+00 mmd2_real 1.1010e+00 real_L2 0.017505 fake_L2 0.018689
[  328/ 2000] [    6/   10] [   328] D_mmd2 2.0088e+00 G_mmd2 2.2298e+00 mmd2_real 1.2539e+00 real_L2 0.016945 fake_L2 0.021372
[  329/ 2000] [    6/   10] [   329] D_mmd2 2.4184e+00 G_mmd2 2.3844e+00 mmd2_real 1.1161e+00 real_L2 0.016687 fake_L2 0.016244
[  330/ 2000] [    6/   10] [   330] D_mmd2 2.5018e+00 G_mmd2 2.5381e+00 mmd2_real 1.0236e+00 real_L2 0.018790 fake_L2 0.017801
[  331/ 2000] [    6/   10] [   331] D_mmd2 2.6919e+00 G_mmd2 2.4436e+00 mmd2_real 1.0289e+00 real_L2 0.018397 fake_L2 0.019526
[  332/ 2000] [    6/   10] [   332] D_mmd2 2.3225e+00 G_mmd2 2.2380e+00 mmd2_real 1.1121e+00 real_L2 0.017514 fake_L2 0.023254
[  333/ 2000] [    6/   10] [   333] D_mmd2 1.9999e+00 G_mmd2 2.4874e+00 mmd2_real 1.1671e+00 real_L2 0.017087 fake_L2 0.021385
[  334/ 2000] [    6/   10] [   334] D_mmd2 2.4071e+00 G_mmd2 2.3766e+00 mmd2_real 1.0638e+00 real_L2 0.017734 fake_L2 0.025550
[  335/ 2000] [    6/   10] [   335] D_mmd2 2.3135e+00 G_mmd2 2.1071e+00 mmd2_real 8.7018e-01 real_L2 0.017889 fake_L2 0.023127
[  336/ 2000] [    6/   10] [   336] D_mmd2 2.3789e+00 G_mmd2 2.1877e+00 mmd2_real 1.1915e+00 real_L2 0.018202 fake_L2 0.022087
[  337/ 2000] [    6/   10] [   337] D_mmd2 2.7131e+00 G_mmd2 2.4368e+00 mmd2_real 1.1993e+00 real_L2 0.018547 fake_L2 0.022578
[  338/ 2000] [    6/   10] [   338] D_mmd2 2.2471e+00 G_mmd2 2.3328e+00 mmd2_real 1.3194e+00 real_L2 0.017085 fake_L2 0.024930
[  339/ 2000] [    6/   10] [   339] D_mmd2 2.5850e+00 G_mmd2 2.1060e+00 mmd2_real 1.2483e+00 real_L2 0.016697 fake_L2 0.023825
[  340/ 2000] [    6/   10] [   340] D_mmd2 2.0378e+00 G_mmd2 2.3169e+00 mmd2_real 1.1278e+00 real_L2 0.017039 fake_L2 0.020257
[  341/ 2000] [    6/   10] [   341] D_mmd2 2.3496e+00 G_mmd2 2.1793e+00 mmd2_real 1.1108e+00 real_L2 0.016469 fake_L2 0.019377
[  342/ 2000] [    6/   10] [   342] D_mmd2 2.4284e+00 G_mmd2 2.3758e+00 mmd2_real 8.4789e-01 real_L2 0.017640 fake_L2 0.021524
[  343/ 2000] [    6/   10] [   343] D_mmd2 2.1977e+00 G_mmd2 2.4022e+00 mmd2_real 1.0824e+00 real_L2 0.017429 fake_L2 0.023218
[  344/ 2000] [    6/   10] [   344] D_mmd2 2.2369e+00 G_mmd2 2.7518e+00 mmd2_real 1.0251e+00 real_L2 0.016192 fake_L2 0.023485
[  345/ 2000] [    6/   10] [   345] D_mmd2 2.0684e+00 G_mmd2 2.1282e+00 mmd2_real 1.3387e+00 real_L2 0.016014 fake_L2 0.027959
[  346/ 2000] [    6/   10] [   346] D_mmd2 1.9501e+00 G_mmd2 2.5440e+00 mmd2_real 9.3387e-01 real_L2 0.018359 fake_L2 0.016927
[  347/ 2000] [    6/   10] [   347] D_mmd2 2.3525e+00 G_mmd2 2.2837e+00 mmd2_real 1.1687e+00 real_L2 0.018014 fake_L2 0.018374
[  348/ 2000] [    6/   10] [   348] D_mmd2 2.1622e+00 G_mmd2 2.5341e+00 mmd2_real 1.2113e+00 real_L2 0.017587 fake_L2 0.018224
[  349/ 2000] [    6/   10] [   349] D_mmd2 2.4959e+00 G_mmd2 2.2128e+00 mmd2_real 1.1850e+00 real_L2 0.018188 fake_L2 0.023438
[  350/ 2000] [    6/   10] [   350] D_mmd2 2.2566e+00 G_mmd2 2.3821e+00 mmd2_real 1.3617e+00 real_L2 0.016457 fake_L2 0.021746
iter  350 tm 31.54m val_mse -1.0 val_mae -1.0 val_auc 0.481884 tst_mse -1.0 tst_mae -1.0 tst_auc 0.689614 [best_val_auc 0.844203 best_tst_auc 0.466184 best_epoch 175]
[  351/ 2000] [    6/   10] [   351] D_mmd2 2.2020e+00 G_mmd2 2.4419e+00 mmd2_real 1.1505e+00 real_L2 0.018852 fake_L2 0.021287
[  352/ 2000] [    6/   10] [   352] D_mmd2 2.2308e+00 G_mmd2 1.9622e+00 mmd2_real 1.2465e+00 real_L2 0.017484 fake_L2 0.021390
[  353/ 2000] [    6/   10] [   353] D_mmd2 2.2665e+00 G_mmd2 2.2017e+00 mmd2_real 1.3479e+00 real_L2 0.018556 fake_L2 0.024276
[  354/ 2000] [    6/   10] [   354] D_mmd2 2.1527e+00 G_mmd2 2.3007e+00 mmd2_real 1.2009e+00 real_L2 0.019307 fake_L2 0.023750
[  355/ 2000] [    6/   10] [   355] D_mmd2 1.9916e+00 G_mmd2 2.1471e+00 mmd2_real 1.2072e+00 real_L2 0.018257 fake_L2 0.017834
[  356/ 2000] [    6/   10] [   356] D_mmd2 2.3857e+00 G_mmd2 2.4718e+00 mmd2_real 9.9554e-01 real_L2 0.018051 fake_L2 0.021161
[  357/ 2000] [    6/   10] [   357] D_mmd2 2.1867e+00 G_mmd2 2.6271e+00 mmd2_real 1.3203e+00 real_L2 0.017229 fake_L2 0.026607
[  358/ 2000] [    6/   10] [   358] D_mmd2 1.8739e+00 G_mmd2 1.8455e+00 mmd2_real 1.1466e+00 real_L2 0.016951 fake_L2 0.019592
[  359/ 2000] [    6/   10] [   359] D_mmd2 2.2286e+00 G_mmd2 2.2135e+00 mmd2_real 9.6119e-01 real_L2 0.019894 fake_L2 0.022224
[  360/ 2000] [    6/   10] [   360] D_mmd2 2.0665e+00 G_mmd2 2.1995e+00 mmd2_real 1.0364e+00 real_L2 0.018280 fake_L2 0.021652
[  361/ 2000] [    6/   10] [   361] D_mmd2 2.2239e+00 G_mmd2 2.3046e+00 mmd2_real 1.2837e+00 real_L2 0.017428 fake_L2 0.026855
[  362/ 2000] [    6/   10] [   362] D_mmd2 2.3778e+00 G_mmd2 1.8252e+00 mmd2_real 1.0954e+00 real_L2 0.017158 fake_L2 0.023689
[  363/ 2000] [    6/   10] [   363] D_mmd2 2.2624e+00 G_mmd2 2.2472e+00 mmd2_real 9.7213e-01 real_L2 0.016680 fake_L2 0.017552
[  364/ 2000] [    6/   10] [   364] D_mmd2 2.3527e+00 G_mmd2 2.3464e+00 mmd2_real 1.2758e+00 real_L2 0.016503 fake_L2 0.023834
[  365/ 2000] [    6/   10] [   365] D_mmd2 2.5604e+00 G_mmd2 1.9914e+00 mmd2_real 1.0728e+00 real_L2 0.018152 fake_L2 0.022306
[  366/ 2000] [    6/   10] [   366] D_mmd2 2.2033e+00 G_mmd2 2.2790e+00 mmd2_real 1.0592e+00 real_L2 0.017951 fake_L2 0.020530
[  367/ 2000] [    6/   10] [   367] D_mmd2 2.2138e+00 G_mmd2 2.1968e+00 mmd2_real 1.0218e+00 real_L2 0.018751 fake_L2 0.022940
[  368/ 2000] [    6/   10] [   368] D_mmd2 2.2519e+00 G_mmd2 2.0600e+00 mmd2_real 1.1400e+00 real_L2 0.018531 fake_L2 0.017508
[  369/ 2000] [    6/   10] [   369] D_mmd2 2.2903e+00 G_mmd2 2.3903e+00 mmd2_real 1.1882e+00 real_L2 0.016901 fake_L2 0.021881
[  370/ 2000] [    6/   10] [   370] D_mmd2 2.1825e+00 G_mmd2 1.9288e+00 mmd2_real 1.1705e+00 real_L2 0.018127 fake_L2 0.025864
[  371/ 2000] [    6/   10] [   371] D_mmd2 2.1939e+00 G_mmd2 1.9688e+00 mmd2_real 1.1927e+00 real_L2 0.017154 fake_L2 0.020526
[  372/ 2000] [    6/   10] [   372] D_mmd2 2.2835e+00 G_mmd2 2.4922e+00 mmd2_real 8.1457e-01 real_L2 0.018222 fake_L2 0.020107
[  373/ 2000] [    6/   10] [   373] D_mmd2 2.0597e+00 G_mmd2 2.0719e+00 mmd2_real 8.5185e-01 real_L2 0.018062 fake_L2 0.024233
[  374/ 2000] [    6/   10] [   374] D_mmd2 2.2412e+00 G_mmd2 2.2537e+00 mmd2_real 8.4474e-01 real_L2 0.018762 fake_L2 0.025817
[  375/ 2000] [    6/   10] [   375] D_mmd2 2.1303e+00 G_mmd2 2.2527e+00 mmd2_real 1.0448e+00 real_L2 0.018145 fake_L2 0.024293
iter  375 tm 33.77m val_mse -1.0 val_mae -1.0 val_auc 0.487923 tst_mse -1.0 tst_mae -1.0 tst_auc 0.684783 [best_val_auc 0.844203 best_tst_auc 0.466184 best_epoch 175]
[  376/ 2000] [    6/   10] [   376] D_mmd2 2.4010e+00 G_mmd2 1.8167e+00 mmd2_real 8.9224e-01 real_L2 0.017643 fake_L2 0.023849
[  377/ 2000] [    6/   10] [   377] D_mmd2 1.9378e+00 G_mmd2 2.4093e+00 mmd2_real 1.2795e+00 real_L2 0.017470 fake_L2 0.019077
[  378/ 2000] [    6/   10] [   378] D_mmd2 2.2479e+00 G_mmd2 2.0804e+00 mmd2_real 1.1140e+00 real_L2 0.017174 fake_L2 0.023336
[  379/ 2000] [    6/   10] [   379] D_mmd2 2.1348e+00 G_mmd2 2.2485e+00 mmd2_real 1.1931e+00 real_L2 0.018545 fake_L2 0.024280
[  380/ 2000] [    6/   10] [   380] D_mmd2 1.8557e+00 G_mmd2 1.7942e+00 mmd2_real 1.1913e+00 real_L2 0.017125 fake_L2 0.022378
[  381/ 2000] [    6/   10] [   381] D_mmd2 2.3186e+00 G_mmd2 2.1756e+00 mmd2_real 9.1387e-01 real_L2 0.020398 fake_L2 0.023053
[  382/ 2000] [    6/   10] [   382] D_mmd2 2.2059e+00 G_mmd2 2.1375e+00 mmd2_real 9.8900e-01 real_L2 0.017423 fake_L2 0.024216
[  383/ 2000] [    6/   10] [   383] D_mmd2 2.0107e+00 G_mmd2 1.7314e+00 mmd2_real 1.1187e+00 real_L2 0.019715 fake_L2 0.021002
[  384/ 2000] [    6/   10] [   384] D_mmd2 2.2869e+00 G_mmd2 2.1732e+00 mmd2_real 1.1145e+00 real_L2 0.017715 fake_L2 0.025927
[  385/ 2000] [    6/   10] [   385] D_mmd2 1.9554e+00 G_mmd2 2.2677e+00 mmd2_real 1.1129e+00 real_L2 0.017452 fake_L2 0.022273
[  386/ 2000] [    6/   10] [   386] D_mmd2 2.0798e+00 G_mmd2 2.4769e+00 mmd2_real 1.0406e+00 real_L2 0.019086 fake_L2 0.023231
[  387/ 2000] [    6/   10] [   387] D_mmd2 1.9986e+00 G_mmd2 1.7648e+00 mmd2_real 9.7067e-01 real_L2 0.018507 fake_L2 0.023662
[  388/ 2000] [    6/   10] [   388] D_mmd2 1.9384e+00 G_mmd2 2.1621e+00 mmd2_real 1.1339e+00 real_L2 0.017061 fake_L2 0.025992
[  389/ 2000] [    6/   10] [   389] D_mmd2 2.1473e+00 G_mmd2 2.0030e+00 mmd2_real 9.9712e-01 real_L2 0.018521 fake_L2 0.023405
[  390/ 2000] [    6/   10] [   390] D_mmd2 2.2100e+00 G_mmd2 2.1389e+00 mmd2_real 8.7754e-01 real_L2 0.018736 fake_L2 0.026074
[  391/ 2000] [    6/   10] [   391] D_mmd2 1.9415e+00 G_mmd2 2.3912e+00 mmd2_real 8.2401e-01 real_L2 0.020216 fake_L2 0.027546
[  392/ 2000] [    6/   10] [   392] D_mmd2 1.9202e+00 G_mmd2 1.9883e+00 mmd2_real 1.0109e+00 real_L2 0.018570 fake_L2 0.022702
[  393/ 2000] [    6/   10] [   393] D_mmd2 2.2434e+00 G_mmd2 2.1918e+00 mmd2_real 9.3633e-01 real_L2 0.017807 fake_L2 0.024180
[  394/ 2000] [    6/   10] [   394] D_mmd2 2.0045e+00 G_mmd2 1.8785e+00 mmd2_real 9.4238e-01 real_L2 0.016940 fake_L2 0.022424
[  395/ 2000] [    6/   10] [   395] D_mmd2 1.9037e+00 G_mmd2 2.3413e+00 mmd2_real 9.4764e-01 real_L2 0.017473 fake_L2 0.021684
[  396/ 2000] [    6/   10] [   396] D_mmd2 2.0770e+00 G_mmd2 2.1980e+00 mmd2_real 8.8169e-01 real_L2 0.018908 fake_L2 0.028538
[  397/ 2000] [    6/   10] [   397] D_mmd2 2.4606e+00 G_mmd2 2.4868e+00 mmd2_real 1.1107e+00 real_L2 0.017893 fake_L2 0.020819
[  398/ 2000] [    6/   10] [   398] D_mmd2 1.9316e+00 G_mmd2 2.1358e+00 mmd2_real 8.8744e-01 real_L2 0.018357 fake_L2 0.027743
[  399/ 2000] [    6/   10] [   399] D_mmd2 1.8783e+00 G_mmd2 1.8813e+00 mmd2_real 9.4086e-01 real_L2 0.017982 fake_L2 0.024818
[  400/ 2000] [    6/   10] [   400] D_mmd2 2.2692e+00 G_mmd2 2.2324e+00 mmd2_real 1.0702e+00 real_L2 0.019030 fake_L2 0.023926
iter  400 tm 35.93m val_mse -1.0 val_mae -1.0 val_auc 0.483092 tst_mse -1.0 tst_mae -1.0 tst_auc 0.693237 [best_val_auc 0.844203 best_tst_auc 0.466184 best_epoch 175]
[  401/ 2000] [    6/   10] [   401] D_mmd2 1.8788e+00 G_mmd2 2.1014e+00 mmd2_real 1.2995e+00 real_L2 0.019964 fake_L2 0.032245
[  402/ 2000] [    6/   10] [   402] D_mmd2 1.8238e+00 G_mmd2 1.8689e+00 mmd2_real 9.8815e-01 real_L2 0.018806 fake_L2 0.025626
[  403/ 2000] [    6/   10] [   403] D_mmd2 2.0316e+00 G_mmd2 1.9987e+00 mmd2_real 9.3242e-01 real_L2 0.018936 fake_L2 0.029935
[  404/ 2000] [    6/   10] [   404] D_mmd2 1.7335e+00 G_mmd2 1.9713e+00 mmd2_real 1.1293e+00 real_L2 0.018366 fake_L2 0.027946
[  405/ 2000] [    6/   10] [   405] D_mmd2 2.2037e+00 G_mmd2 1.7479e+00 mmd2_real 8.7149e-01 real_L2 0.019536 fake_L2 0.026058
[  406/ 2000] [    6/   10] [   406] D_mmd2 2.2358e+00 G_mmd2 1.9431e+00 mmd2_real 1.0300e+00 real_L2 0.019190 fake_L2 0.027251
[  407/ 2000] [    6/   10] [   407] D_mmd2 1.9472e+00 G_mmd2 1.9550e+00 mmd2_real 1.0009e+00 real_L2 0.021099 fake_L2 0.026203
[  408/ 2000] [    6/   10] [   408] D_mmd2 2.1238e+00 G_mmd2 1.8795e+00 mmd2_real 9.8712e-01 real_L2 0.019210 fake_L2 0.026304
[  409/ 2000] [    6/   10] [   409] D_mmd2 2.0732e+00 G_mmd2 1.7074e+00 mmd2_real 1.1076e+00 real_L2 0.020814 fake_L2 0.023809
[  410/ 2000] [    6/   10] [   410] D_mmd2 1.5771e+00 G_mmd2 1.9518e+00 mmd2_real 9.7513e-01 real_L2 0.018764 fake_L2 0.026493
[  411/ 2000] [    6/   10] [   411] D_mmd2 2.3293e+00 G_mmd2 2.0023e+00 mmd2_real 1.1477e+00 real_L2 0.018761 fake_L2 0.023674
[  412/ 2000] [    6/   10] [   412] D_mmd2 1.7920e+00 G_mmd2 2.2469e+00 mmd2_real 8.9348e-01 real_L2 0.019328 fake_L2 0.025287
[  413/ 2000] [    6/   10] [   413] D_mmd2 1.8807e+00 G_mmd2 1.8423e+00 mmd2_real 1.0007e+00 real_L2 0.019829 fake_L2 0.029492
[  414/ 2000] [    6/   10] [   414] D_mmd2 2.0474e+00 G_mmd2 1.9459e+00 mmd2_real 1.1235e+00 real_L2 0.020140 fake_L2 0.028034
[  415/ 2000] [    6/   10] [   415] D_mmd2 1.8141e+00 G_mmd2 1.7238e+00 mmd2_real 9.4250e-01 real_L2 0.019284 fake_L2 0.025598
[  416/ 2000] [    6/   10] [   416] D_mmd2 1.9066e+00 G_mmd2 1.8563e+00 mmd2_real 7.8471e-01 real_L2 0.021683 fake_L2 0.022527
[  417/ 2000] [    6/   10] [   417] D_mmd2 1.9045e+00 G_mmd2 2.0753e+00 mmd2_real 1.1365e+00 real_L2 0.021244 fake_L2 0.025015
[  418/ 2000] [    6/   10] [   418] D_mmd2 2.0625e+00 G_mmd2 1.8941e+00 mmd2_real 1.0228e+00 real_L2 0.018064 fake_L2 0.027042
[  419/ 2000] [    6/   10] [   419] D_mmd2 1.8583e+00 G_mmd2 1.9436e+00 mmd2_real 1.0030e+00 real_L2 0.021870 fake_L2 0.024884
[  420/ 2000] [    6/   10] [   420] D_mmd2 2.1677e+00 G_mmd2 1.8723e+00 mmd2_real 8.5120e-01 real_L2 0.021837 fake_L2 0.022830
[  421/ 2000] [    6/   10] [   421] D_mmd2 1.9224e+00 G_mmd2 2.0038e+00 mmd2_real 9.4833e-01 real_L2 0.021575 fake_L2 0.027323
[  422/ 2000] [    6/   10] [   422] D_mmd2 1.6225e+00 G_mmd2 2.0878e+00 mmd2_real 7.2816e-01 real_L2 0.020309 fake_L2 0.029844
[  423/ 2000] [    6/   10] [   423] D_mmd2 1.7118e+00 G_mmd2 1.9709e+00 mmd2_real 9.9358e-01 real_L2 0.020133 fake_L2 0.034263
[  424/ 2000] [    6/   10] [   424] D_mmd2 1.6731e+00 G_mmd2 1.4792e+00 mmd2_real 1.1201e+00 real_L2 0.021004 fake_L2 0.028458
[  425/ 2000] [    6/   10] [   425] D_mmd2 2.1860e+00 G_mmd2 1.6973e+00 mmd2_real 8.5333e-01 real_L2 0.021879 fake_L2 0.031687
iter  425 tm 38.12m val_mse -1.0 val_mae -1.0 val_auc 0.438406 tst_mse -1.0 tst_mae -1.0 tst_auc 0.671498 [best_val_auc 0.844203 best_tst_auc 0.466184 best_epoch 175]
[  426/ 2000] [    6/   10] [   426] D_mmd2 1.8792e+00 G_mmd2 1.7546e+00 mmd2_real 8.4905e-01 real_L2 0.022294 fake_L2 0.029126
[  427/ 2000] [    6/   10] [   427] D_mmd2 1.8060e+00 G_mmd2 1.7174e+00 mmd2_real 8.9597e-01 real_L2 0.021287 fake_L2 0.031087
[  428/ 2000] [    6/   10] [   428] D_mmd2 1.8155e+00 G_mmd2 1.8237e+00 mmd2_real 8.3366e-01 real_L2 0.023689 fake_L2 0.029798
[  429/ 2000] [    6/   10] [   429] D_mmd2 2.2427e+00 G_mmd2 1.8886e+00 mmd2_real 8.9805e-01 real_L2 0.022197 fake_L2 0.029891
[  430/ 2000] [    6/   10] [   430] D_mmd2 2.0515e+00 G_mmd2 1.7262e+00 mmd2_real 8.3110e-01 real_L2 0.024297 fake_L2 0.034581
[  431/ 2000] [    6/   10] [   431] D_mmd2 1.8125e+00 G_mmd2 1.6791e+00 mmd2_real 9.1176e-01 real_L2 0.022720 fake_L2 0.032953
[  432/ 2000] [    6/   10] [   432] D_mmd2 1.8011e+00 G_mmd2 1.7637e+00 mmd2_real 7.4240e-01 real_L2 0.023469 fake_L2 0.030559
[  433/ 2000] [    6/   10] [   433] D_mmd2 1.8902e+00 G_mmd2 1.6015e+00 mmd2_real 9.2560e-01 real_L2 0.022926 fake_L2 0.031104
[  434/ 2000] [    6/   10] [   434] D_mmd2 1.7388e+00 G_mmd2 1.7385e+00 mmd2_real 6.9049e-01 real_L2 0.022617 fake_L2 0.031688
[  435/ 2000] [    6/   10] [   435] D_mmd2 1.5677e+00 G_mmd2 1.6044e+00 mmd2_real 5.9869e-01 real_L2 0.022511 fake_L2 0.033348
[  436/ 2000] [    6/   10] [   436] D_mmd2 1.6603e+00 G_mmd2 1.8898e+00 mmd2_real 8.8063e-01 real_L2 0.024422 fake_L2 0.040758
[  437/ 2000] [    6/   10] [   437] D_mmd2 1.6884e+00 G_mmd2 1.6214e+00 mmd2_real 8.9472e-01 real_L2 0.023408 fake_L2 0.038151
[  438/ 2000] [    6/   10] [   438] D_mmd2 1.8070e+00 G_mmd2 1.6173e+00 mmd2_real 7.7491e-01 real_L2 0.022640 fake_L2 0.033108
[  439/ 2000] [    6/   10] [   439] D_mmd2 1.6161e+00 G_mmd2 1.6570e+00 mmd2_real 8.5603e-01 real_L2 0.025276 fake_L2 0.028937
[  440/ 2000] [    6/   10] [   440] D_mmd2 1.4926e+00 G_mmd2 1.6113e+00 mmd2_real 6.3713e-01 real_L2 0.022738 fake_L2 0.031217
[  441/ 2000] [    6/   10] [   441] D_mmd2 1.6614e+00 G_mmd2 1.6284e+00 mmd2_real 6.4226e-01 real_L2 0.023405 fake_L2 0.035285
[  442/ 2000] [    6/   10] [   442] D_mmd2 1.5536e+00 G_mmd2 1.8286e+00 mmd2_real 6.6457e-01 real_L2 0.022185 fake_L2 0.034938
[  443/ 2000] [    6/   10] [   443] D_mmd2 1.8229e+00 G_mmd2 1.6904e+00 mmd2_real 6.6524e-01 real_L2 0.025266 fake_L2 0.037061
[  444/ 2000] [    6/   10] [   444] D_mmd2 1.6403e+00 G_mmd2 1.8100e+00 mmd2_real 6.1430e-01 real_L2 0.023270 fake_L2 0.029407
[  445/ 2000] [    6/   10] [   445] D_mmd2 1.7251e+00 G_mmd2 1.5995e+00 mmd2_real 7.1431e-01 real_L2 0.024204 fake_L2 0.041378
[  446/ 2000] [    6/   10] [   446] D_mmd2 1.6438e+00 G_mmd2 1.6239e+00 mmd2_real 5.8620e-01 real_L2 0.026467 fake_L2 0.034435
[  447/ 2000] [    6/   10] [   447] D_mmd2 1.5312e+00 G_mmd2 1.6897e+00 mmd2_real 6.8442e-01 real_L2 0.024635 fake_L2 0.034228
[  448/ 2000] [    6/   10] [   448] D_mmd2 1.8362e+00 G_mmd2 1.4255e+00 mmd2_real 6.9397e-01 real_L2 0.025420 fake_L2 0.032223
[  449/ 2000] [    6/   10] [   449] D_mmd2 1.8315e+00 G_mmd2 1.5685e+00 mmd2_real 6.8272e-01 real_L2 0.026017 fake_L2 0.035761
[  450/ 2000] [    6/   10] [   450] D_mmd2 1.8513e+00 G_mmd2 1.4661e+00 mmd2_real 6.5800e-01 real_L2 0.025635 fake_L2 0.034548
iter  450 tm 40.30m val_mse -1.0 val_mae -1.0 val_auc 0.411836 tst_mse -1.0 tst_mae -1.0 tst_auc 0.671498 [best_val_auc 0.844203 best_tst_auc 0.466184 best_epoch 175]
[  451/ 2000] [    6/   10] [   451] D_mmd2 1.5714e+00 G_mmd2 1.6619e+00 mmd2_real 6.2974e-01 real_L2 0.025134 fake_L2 0.034218
[  452/ 2000] [    6/   10] [   452] D_mmd2 1.8556e+00 G_mmd2 1.6111e+00 mmd2_real 8.3388e-01 real_L2 0.025024 fake_L2 0.038333
[  453/ 2000] [    6/   10] [   453] D_mmd2 1.8592e+00 G_mmd2 1.4332e+00 mmd2_real 7.8441e-01 real_L2 0.027738 fake_L2 0.038264
[  454/ 2000] [    6/   10] [   454] D_mmd2 1.6257e+00 G_mmd2 1.6329e+00 mmd2_real 5.2342e-01 real_L2 0.025979 fake_L2 0.031525
[  455/ 2000] [    6/   10] [   455] D_mmd2 1.5054e+00 G_mmd2 1.6362e+00 mmd2_real 6.8928e-01 real_L2 0.023494 fake_L2 0.042024
[  456/ 2000] [    6/   10] [   456] D_mmd2 1.2985e+00 G_mmd2 1.8355e+00 mmd2_real 6.2163e-01 real_L2 0.023324 fake_L2 0.035863
[  457/ 2000] [    6/   10] [   457] D_mmd2 1.6465e+00 G_mmd2 1.5153e+00 mmd2_real 8.1007e-01 real_L2 0.025167 fake_L2 0.035502
[  458/ 2000] [    6/   10] [   458] D_mmd2 1.8043e+00 G_mmd2 1.3056e+00 mmd2_real 7.4488e-01 real_L2 0.025814 fake_L2 0.046238
[  459/ 2000] [    6/   10] [   459] D_mmd2 1.6516e+00 G_mmd2 1.4578e+00 mmd2_real 6.9158e-01 real_L2 0.027485 fake_L2 0.032445
[  460/ 2000] [    6/   10] [   460] D_mmd2 1.4141e+00 G_mmd2 1.4748e+00 mmd2_real 5.6426e-01 real_L2 0.027683 fake_L2 0.032941
[  461/ 2000] [    6/   10] [   461] D_mmd2 1.4885e+00 G_mmd2 1.5790e+00 mmd2_real 5.2612e-01 real_L2 0.025356 fake_L2 0.039451
[  462/ 2000] [    6/   10] [   462] D_mmd2 1.8375e+00 G_mmd2 1.4341e+00 mmd2_real 7.9749e-01 real_L2 0.026480 fake_L2 0.036049
[  463/ 2000] [    6/   10] [   463] D_mmd2 1.5099e+00 G_mmd2 1.5659e+00 mmd2_real 6.4779e-01 real_L2 0.024492 fake_L2 0.036281
[  464/ 2000] [    6/   10] [   464] D_mmd2 1.6857e+00 G_mmd2 1.8137e+00 mmd2_real 5.2068e-01 real_L2 0.026025 fake_L2 0.040661
[  465/ 2000] [    6/   10] [   465] D_mmd2 1.5972e+00 G_mmd2 1.6608e+00 mmd2_real 7.1700e-01 real_L2 0.025858 fake_L2 0.038009
[  466/ 2000] [    6/   10] [   466] D_mmd2 1.6421e+00 G_mmd2 1.5410e+00 mmd2_real 7.4546e-01 real_L2 0.026814 fake_L2 0.042912
Traceback (most recent call last):
  File "C:\Users\Lenovo\Onedrive\Escritorio\I.M\P.I\Detección de Puntos de Cambio\Algoritmo CDP Paralelizado\klcpd\klcpd.py", line 276, in <module>
    mmd2_real = mmd_util.batch_mmd2_loss(X_p_enc, X_f_enc, sigma_var)
  File "C:\Users\Lenovo\Onedrive\Escritorio\I.M\P.I\Detección de Puntos de Cambio\Algoritmo CDP Paralelizado\klcpd\mmd_util.py", line 48, in batch_mmd2_loss
    XW_p = torch.bmm(X_p_enc, W_gmm)                                    # batch_size x seq_len x n_samples
KeyboardInterrupt
