Namespace(data_path='./data\\beedance\\beedance-6.mat', trn_ratio=0.6, val_ratio=0.8, gpu=0, no_cuda=False, random_seed=1126, wnd_dim=25, sub_dim=1, RNN_hid_dim=10, batch_size=1, max_iter=1, optim='adam', lr=0.0003, weight_decay=0.0, momentum=0.0, grad_clip=10.0, eval_freq=25, CRITIC_ITERS=5, weight_clip=0.1, lambda_ae=0.001, lambda_real=1.0, save_path='experiment_log\\beedance-6.wnd-25.lambda_ae-0.001000.lambda_real-1.000000.clip-0.100000')
Using CPU
n_trn  340 n_val  122 n_tst  121
NetG(
  (rnn_enc_layer): GRU(3, 10, batch_first=True)
  (rnn_dec_layer): GRU(3, 10, batch_first=True)
  (fc_layer): Linear(in_features=10, out_features=3, bias=True)
)
NetD(
  (rnn_enc_layer): GRU(3, 10, batch_first=True)
  (rnn_dec_layer): GRU(10, 3, batch_first=True)
)
netG has number of parameters: 933
netD has number of parameters: 585
sigma_list: tensor([0.0484, 0.0968, 0.1936, 0.3872, 0.7744])
n_batchs 340 batch_size 1
start training: lambda_ae 0.001 lambda_real 1.0 weight_clip 0.1
[    1/    1] [    6/  340] [     1] D_mmd2 3.2102e+00 G_mmd2 4.4248e+00 mmd2_real 1.6389e+00 real_L2 0.128480 fake_L2 0.119736
[    1/    1] [   12/  340] [     2] D_mmd2 3.5404e+00 G_mmd2 4.4110e+00 mmd2_real 9.8639e-01 real_L2 0.089687 fake_L2 0.110488
[    1/    1] [   18/  340] [     3] D_mmd2 3.6753e+00 G_mmd2 4.3573e+00 mmd2_real 2.7355e+00 real_L2 0.276337 fake_L2 0.111403
[    1/    1] [   24/  340] [     4] D_mmd2 3.6042e+00 G_mmd2 4.0203e+00 mmd2_real 1.6133e+00 real_L2 0.129949 fake_L2 0.123855
[    1/    1] [   30/  340] [     5] D_mmd2 4.6739e+00 G_mmd2 4.4221e+00 mmd2_real 1.4891e+00 real_L2 0.176005 fake_L2 0.139238
[    1/    1] [   36/  340] [     6] D_mmd2 3.5519e+00 G_mmd2 4.2146e+00 mmd2_real 6.5711e-01 real_L2 0.077000 fake_L2 0.099715
[    1/    1] [   42/  340] [     7] D_mmd2 5.0407e+00 G_mmd2 5.0392e+00 mmd2_real 1.0890e+00 real_L2 0.197989 fake_L2 0.129667
[    1/    1] [   48/  340] [     8] D_mmd2 3.7425e+00 G_mmd2 4.0480e+00 mmd2_real 4.0150e-01 real_L2 0.208100 fake_L2 0.107090
[    1/    1] [   54/  340] [     9] D_mmd2 4.2291e+00 G_mmd2 4.7861e+00 mmd2_real 1.8529e+00 real_L2 0.164719 fake_L2 0.106325
[    1/    1] [   60/  340] [    10] D_mmd2 4.0681e+00 G_mmd2 3.5498e+00 mmd2_real 1.3792e+00 real_L2 0.156187 fake_L2 0.099395
[    1/    1] [   66/  340] [    11] D_mmd2 4.6721e+00 G_mmd2 4.1079e+00 mmd2_real 5.3384e-01 real_L2 0.167960 fake_L2 0.133672
[    1/    1] [   72/  340] [    12] D_mmd2 4.8376e+00 G_mmd2 4.0791e+00 mmd2_real 9.6551e-01 real_L2 0.225231 fake_L2 0.128226
[    1/    1] [   78/  340] [    13] D_mmd2 4.9399e+00 G_mmd2 3.6069e+00 mmd2_real 1.5448e+00 real_L2 0.301427 fake_L2 0.116328
[    1/    1] [   84/  340] [    14] D_mmd2 4.3661e+00 G_mmd2 3.9546e+00 mmd2_real 1.1249e+00 real_L2 0.085332 fake_L2 0.091224
[    1/    1] [   90/  340] [    15] D_mmd2 4.1038e+00 G_mmd2 4.9494e+00 mmd2_real 1.7056e+00 real_L2 0.124168 fake_L2 0.079379
[    1/    1] [   96/  340] [    16] D_mmd2 4.8144e+00 G_mmd2 3.6143e+00 mmd2_real 5.3148e-01 real_L2 0.211986 fake_L2 0.122770
[    1/    1] [  102/  340] [    17] D_mmd2 5.0489e+00 G_mmd2 4.9463e+00 mmd2_real 8.1707e-01 real_L2 0.224206 fake_L2 0.100956
[    1/    1] [  108/  340] [    18] D_mmd2 4.2536e+00 G_mmd2 5.0956e+00 mmd2_real 6.9442e-01 real_L2 0.175895 fake_L2 0.059975
[    1/    1] [  114/  340] [    19] D_mmd2 3.9898e+00 G_mmd2 3.7723e+00 mmd2_real 1.4176e+00 real_L2 0.105131 fake_L2 0.056060
[    1/    1] [  120/  340] [    20] D_mmd2 4.1759e+00 G_mmd2 3.6542e+00 mmd2_real 2.2097e+00 real_L2 0.123237 fake_L2 0.114483
[    1/    1] [  126/  340] [    21] D_mmd2 4.5024e+00 G_mmd2 5.1604e+00 mmd2_real 2.1271e+00 real_L2 0.121439 fake_L2 0.066752
[    1/    1] [  132/  340] [    22] D_mmd2 4.6974e+00 G_mmd2 5.5623e+00 mmd2_real 2.2066e+00 real_L2 0.276252 fake_L2 0.066481
[    1/    1] [  138/  340] [    23] D_mmd2 5.2485e+00 G_mmd2 4.4491e+00 mmd2_real 7.0858e-01 real_L2 0.358283 fake_L2 0.107758
[    1/    1] [  144/  340] [    24] D_mmd2 4.3808e+00 G_mmd2 4.1356e+00 mmd2_real 1.6792e+00 real_L2 0.151143 fake_L2 0.077225
[    1/    1] [  150/  340] [    25] D_mmd2 4.6741e+00 G_mmd2 4.3852e+00 mmd2_real 1.3558e+00 real_L2 0.090821 fake_L2 0.074125
iter    1 tm 0.20m val_mse -1.0 val_mae -1.0 val_auc 0.372549 tst_mse -1.0 tst_mae -1.0 tst_auc 0.471751 [best_val_auc 0.372549 best_tst_auc 0.471751 best_epoch   1]
[    1/    1] [  156/  340] [    26] D_mmd2 4.5092e+00 G_mmd2 5.9590e+00 mmd2_real 1.1519e+00 real_L2 0.087641 fake_L2 0.062395
[    1/    1] [  162/  340] [    27] D_mmd2 5.6216e+00 G_mmd2 4.4037e+00 mmd2_real 1.2830e+00 real_L2 0.343311 fake_L2 0.093233
[    1/    1] [  168/  340] [    28] D_mmd2 4.4963e+00 G_mmd2 4.0798e+00 mmd2_real 5.3022e-01 real_L2 0.066316 fake_L2 0.056932
[    1/    1] [  174/  340] [    29] D_mmd2 4.9202e+00 G_mmd2 4.7584e+00 mmd2_real 1.9147e+00 real_L2 0.139839 fake_L2 0.060320
[    1/    1] [  180/  340] [    30] D_mmd2 4.2733e+00 G_mmd2 4.5144e+00 mmd2_real 9.4631e-01 real_L2 0.071076 fake_L2 0.037069
[    1/    1] [  186/  340] [    31] D_mmd2 6.0919e+00 G_mmd2 5.1550e+00 mmd2_real 1.6240e+00 real_L2 0.290119 fake_L2 0.083996
[    1/    1] [  192/  340] [    32] D_mmd2 4.8842e+00 G_mmd2 5.4443e+00 mmd2_real 5.2437e-01 real_L2 0.134231 fake_L2 0.062334
[    1/    1] [  198/  340] [    33] D_mmd2 5.3112e+00 G_mmd2 4.9167e+00 mmd2_real 1.3437e+00 real_L2 0.207503 fake_L2 0.080541
[    1/    1] [  204/  340] [    34] D_mmd2 4.5224e+00 G_mmd2 4.6142e+00 mmd2_real 4.9684e-01 real_L2 0.214879 fake_L2 0.036784
[    1/    1] [  210/  340] [    35] D_mmd2 5.0342e+00 G_mmd2 5.0789e+00 mmd2_real 1.2408e+00 real_L2 0.240467 fake_L2 0.040896
[    1/    1] [  216/  340] [    36] D_mmd2 5.5226e+00 G_mmd2 5.6704e+00 mmd2_real 1.4740e+00 real_L2 0.276279 fake_L2 0.069874
[    1/    1] [  222/  340] [    37] D_mmd2 4.7547e+00 G_mmd2 5.2971e+00 mmd2_real 1.4427e+00 real_L2 0.243407 fake_L2 0.063775
[    1/    1] [  228/  340] [    38] D_mmd2 4.9166e+00 G_mmd2 4.6967e+00 mmd2_real 6.2484e-01 real_L2 0.063756 fake_L2 0.049421
[    1/    1] [  234/  340] [    39] D_mmd2 4.4388e+00 G_mmd2 4.7495e+00 mmd2_real 7.8981e-01 real_L2 0.076588 fake_L2 0.046707
[    1/    1] [  240/  340] [    40] D_mmd2 5.1640e+00 G_mmd2 4.7725e+00 mmd2_real 1.1390e+00 real_L2 0.164684 fake_L2 0.049041
[    1/    1] [  246/  340] [    41] D_mmd2 6.0025e+00 G_mmd2 4.8275e+00 mmd2_real 1.2981e+00 real_L2 0.247662 fake_L2 0.056749
[    1/    1] [  252/  340] [    42] D_mmd2 4.9072e+00 G_mmd2 5.5955e+00 mmd2_real 1.1087e+00 real_L2 0.160080 fake_L2 0.054406
[    1/    1] [  258/  340] [    43] D_mmd2 4.4199e+00 G_mmd2 4.5753e+00 mmd2_real 1.0030e+00 real_L2 0.117205 fake_L2 0.024188
[    1/    1] [  264/  340] [    44] D_mmd2 4.9417e+00 G_mmd2 5.4483e+00 mmd2_real 5.1668e-01 real_L2 0.219205 fake_L2 0.036771
[    1/    1] [  270/  340] [    45] D_mmd2 4.6980e+00 G_mmd2 4.7364e+00 mmd2_real 5.3062e-01 real_L2 0.138219 fake_L2 0.028027
[    1/    1] [  276/  340] [    46] D_mmd2 4.4149e+00 G_mmd2 4.6910e+00 mmd2_real 5.0701e-01 real_L2 0.173134 fake_L2 0.044085
[    1/    1] [  282/  340] [    47] D_mmd2 4.6766e+00 G_mmd2 4.7039e+00 mmd2_real 5.7948e-01 real_L2 0.065547 fake_L2 0.034795
[    1/    1] [  288/  340] [    48] D_mmd2 5.3419e+00 G_mmd2 4.8956e+00 mmd2_real 7.6764e-01 real_L2 0.196049 fake_L2 0.057656
[    1/    1] [  294/  340] [    49] D_mmd2 4.5446e+00 G_mmd2 5.1150e+00 mmd2_real 5.9114e-01 real_L2 0.062313 fake_L2 0.053131
[    1/    1] [  300/  340] [    50] D_mmd2 5.6712e+00 G_mmd2 5.1560e+00 mmd2_real 1.1003e+00 real_L2 0.215137 fake_L2 0.052161
iter    1 tm 0.40m val_mse -1.0 val_mae -1.0 val_auc 0.509804 tst_mse -1.0 tst_mae -1.0 tst_auc 0.567797 [best_val_auc 0.509804 best_tst_auc 0.567797 best_epoch   1]
[    1/    1] [  306/  340] [    51] D_mmd2 5.1653e+00 G_mmd2 5.4642e+00 mmd2_real 4.2648e-01 real_L2 0.179174 fake_L2 0.034519
[    1/    1] [  312/  340] [    52] D_mmd2 4.9762e+00 G_mmd2 4.9194e+00 mmd2_real 7.5023e-01 real_L2 0.066454 fake_L2 0.029665
[    1/    1] [  318/  340] [    53] D_mmd2 5.2393e+00 G_mmd2 5.5603e+00 mmd2_real 1.0754e+00 real_L2 0.225670 fake_L2 0.027921
[    1/    1] [  324/  340] [    54] D_mmd2 5.3802e+00 G_mmd2 5.4305e+00 mmd2_real 1.5522e+00 real_L2 0.240894 fake_L2 0.025424
[    1/    1] [  330/  340] [    55] D_mmd2 5.3203e+00 G_mmd2 4.8426e+00 mmd2_real 6.9133e-01 real_L2 0.204090 fake_L2 0.054978
[    1/    1] [  336/  340] [    56] D_mmd2 5.5853e+00 G_mmd2 5.2887e+00 mmd2_real 1.3043e+00 real_L2 0.288046 fake_L2 0.035198
